Component: ARM Compiler 5.06 update 6 (build 750) Tool: armlink [4d35ed]

==============================================================================

Section Cross References

    startup_stm32l431xx.o(STACK) refers (Special) to heapauxi.o(.text) for __use_two_region_memory
    startup_stm32l431xx.o(HEAP) refers (Special) to heapauxi.o(.text) for __use_two_region_memory
    startup_stm32l431xx.o(RESET) refers (Special) to heapauxi.o(.text) for __use_two_region_memory
    startup_stm32l431xx.o(RESET) refers to startup_stm32l431xx.o(STACK) for __initial_sp
    startup_stm32l431xx.o(RESET) refers to startup_stm32l431xx.o(.text) for Reset_Handler
    startup_stm32l431xx.o(RESET) refers to stm32l4xx_it.o(i.NMI_Handler) for NMI_Handler
    startup_stm32l431xx.o(RESET) refers to stm32l4xx_it.o(i.HardFault_Handler) for HardFault_Handler
    startup_stm32l431xx.o(RESET) refers to stm32l4xx_it.o(i.MemManage_Handler) for MemManage_Handler
    startup_stm32l431xx.o(RESET) refers to stm32l4xx_it.o(i.BusFault_Handler) for BusFault_Handler
    startup_stm32l431xx.o(RESET) refers to stm32l4xx_it.o(i.UsageFault_Handler) for UsageFault_Handler
    startup_stm32l431xx.o(RESET) refers to port.o(.emb_text) for SVC_Handler
    startup_stm32l431xx.o(RESET) refers to stm32l4xx_it.o(i.DebugMon_Handler) for DebugMon_Handler
    startup_stm32l431xx.o(RESET) refers to port.o(i.SysTick_Handler) for SysTick_Handler
    startup_stm32l431xx.o(RESET) refers to stm32l4xx_it.o(i.DMA1_Channel2_IRQHandler) for DMA1_Channel2_IRQHandler
    startup_stm32l431xx.o(RESET) refers to stm32l4xx_it.o(i.DMA1_Channel3_IRQHandler) for DMA1_Channel3_IRQHandler
    startup_stm32l431xx.o(RESET) refers to stm32l4xx_it.o(i.SPI1_IRQHandler) for SPI1_IRQHandler
    startup_stm32l431xx.o(RESET) refers to stm32l4xx_it.o(i.TIM7_IRQHandler) for TIM7_IRQHandler
    startup_stm32l431xx.o(.text) refers (Special) to heapauxi.o(.text) for __use_two_region_memory
    startup_stm32l431xx.o(.text) refers to system_stm32l4xx.o(i.SystemInit) for SystemInit
    startup_stm32l431xx.o(.text) refers to __main.o(!!!main) for __main
    startup_stm32l431xx.o(.text) refers to startup_stm32l431xx.o(HEAP) for Heap_Mem
    startup_stm32l431xx.o(.text) refers to startup_stm32l431xx.o(STACK) for Stack_Mem
    main.o(i.HAL_TIM_PeriodElapsedCallback) refers to stm32l4xx_hal.o(i.HAL_IncTick) for HAL_IncTick
    main.o(i.MX_ADC1_Init) refers to rt_memclr_w.o(.text) for __aeabi_memclr4
    main.o(i.MX_ADC1_Init) refers to stm32l4xx_hal_adc.o(i.HAL_ADC_Init) for HAL_ADC_Init
    main.o(i.MX_ADC1_Init) refers to stm32l4xx_hal_adc.o(i.HAL_ADC_ConfigChannel) for HAL_ADC_ConfigChannel
    main.o(i.MX_ADC1_Init) refers to main.o(.bss) for .bss
    main.o(i.MX_GPIO_Init) refers to rt_memclr_w.o(.text) for __aeabi_memclr4
    main.o(i.MX_GPIO_Init) refers to stm32l4xx_hal_gpio.o(i.HAL_GPIO_WritePin) for HAL_GPIO_WritePin
    main.o(i.MX_GPIO_Init) refers to stm32l4xx_hal_gpio.o(i.HAL_GPIO_Init) for HAL_GPIO_Init
    main.o(i.MX_SPI1_Init) refers to stm32l4xx_hal_spi.o(i.HAL_SPI_Init) for HAL_SPI_Init
    main.o(i.MX_SPI1_Init) refers to main.o(.bss) for .bss
    main.o(i.MX_USART1_UART_Init) refers to stm32l4xx_hal_uart.o(i.HAL_UART_Init) for HAL_UART_Init
    main.o(i.MX_USART1_UART_Init) refers to main.o(.bss) for .bss
    main.o(i.MX_USART2_UART_Init) refers to stm32l4xx_hal_uart.o(i.HAL_UART_Init) for HAL_UART_Init
    main.o(i.MX_USART2_UART_Init) refers to main.o(.bss) for .bss
    main.o(i.MX_USART3_UART_Init) refers to stm32l4xx_hal_uart.o(i.HAL_UART_Init) for HAL_UART_Init
    main.o(i.MX_USART3_UART_Init) refers to main.o(.bss) for .bss
    main.o(i.StartDefaultTask) refers to cmsis_os.o(i.osDelay) for osDelay
    main.o(i.SystemClock_Config) refers to rt_memclr_w.o(.text) for __aeabi_memclr4
    main.o(i.SystemClock_Config) refers to stm32l4xx_hal_pwr_ex.o(i.HAL_PWREx_ControlVoltageScaling) for HAL_PWREx_ControlVoltageScaling
    main.o(i.SystemClock_Config) refers to stm32l4xx_hal_rcc.o(i.HAL_RCC_OscConfig) for HAL_RCC_OscConfig
    main.o(i.SystemClock_Config) refers to stm32l4xx_hal_rcc.o(i.HAL_RCC_ClockConfig) for HAL_RCC_ClockConfig
    main.o(i.main) refers to stm32l4xx_hal.o(i.HAL_Init) for HAL_Init
    main.o(i.main) refers to main.o(i.SystemClock_Config) for SystemClock_Config
    main.o(i.main) refers to main.o(i.MX_GPIO_Init) for MX_GPIO_Init
    main.o(i.main) refers to stm32l4xx_hal_cortex.o(i.HAL_NVIC_SetPriority) for HAL_NVIC_SetPriority
    main.o(i.main) refers to stm32l4xx_hal_cortex.o(i.HAL_NVIC_EnableIRQ) for HAL_NVIC_EnableIRQ
    main.o(i.main) refers to main.o(i.MX_ADC1_Init) for MX_ADC1_Init
    main.o(i.main) refers to main.o(i.MX_SPI1_Init) for MX_SPI1_Init
    main.o(i.main) refers to main.o(i.MX_USART1_UART_Init) for MX_USART1_UART_Init
    main.o(i.main) refers to main.o(i.MX_USART2_UART_Init) for MX_USART2_UART_Init
    main.o(i.main) refers to main.o(i.MX_USART3_UART_Init) for MX_USART3_UART_Init
[...]
    _printf_mbtowc                            - Undefined Weak Reference
    _printf_wc                                - Undefined Weak Reference
    _rand_init                                - Undefined Weak Reference
    _signal_finish                            - Undefined Weak Reference
    _signal_init                              - Undefined Weak Reference
    _terminate_alloc                          - Undefined Weak Reference
    _terminate_user_alloc                     - Undefined Weak Reference
    _terminateio                              - Undefined Weak Reference
    __Vectors_Size                           0x0000018c   Number         0  startup_stm32l431xx.o ABSOLUTE
    __Vectors                                0x08000000   Data           4  startup_stm32l431xx.o(RESET)
    __Vectors_End                            0x0800018c   Data           0  startup_stm32l431xx.o(RESET)
    __main                                   0x0800018d   Thumb Code     8  __main.o(!!!main)
    __scatterload                            0x08000195   Thumb Code     0  __scatter.o(!!!scatter)
    __scatterload_rt2                        0x08000195   Thumb Code    44  __scatter.o(!!!scatter)
    __scatterload_rt2_thumb_only             0x08000195   Thumb Code     0  __scatter.o(!!!scatter)
    __scatterload_null                       0x080001a3   Thumb Code     0  __scatter.o(!!!scatter)
    __scatterload_copy                       0x080001c9   Thumb Code    26  __scatter_copy.o(!!handler_copy)
    __scatterload_zeroinit                   0x080001e5   Thumb Code    28  __scatter_zi.o(!!handler_zi)
    _printf_n                                0x08000201   Thumb Code     0  _printf_n.o(.ARM.Collect$$_printf_percent$$00000001)
    _printf_percent                          0x08000201   Thumb Code     0  _printf_percent.o(.ARM.Collect$$_printf_percent$$00000000)
    _printf_p                                0x08000207   Thumb Code     0  _printf_p.o(.ARM.Collect$$_printf_percent$$00000002)
    _printf_f                                0x0800020d   Thumb Code     0  _printf_f.o(.ARM.Collect$$_printf_percent$$00000003)
    _printf_e                                0x08000213   Thumb Code     0  _printf_e.o(.ARM.Collect$$_printf_percent$$00000004)
    _printf_g                                0x08000219   Thumb Code     0  _printf_g.o(.ARM.Collect$$_printf_percent$$00000005)
    _printf_a                                0x0800021f   Thumb Code     0  _printf_a.o(.ARM.Collect$$_printf_percent$$00000006)
    _printf_ll                               0x08000225   Thumb Code     0  _printf_ll.o(.ARM.Collect$$_printf_percent$$00000007)
    _printf_i                                0x0800022f   Thumb Code     0  _printf_i.o(.ARM.Collect$$_printf_percent$$00000008)
    _printf_d                                0x08000235   Thumb Code     0  _printf_d.o(.ARM.Collect$$_printf_percent$$00000009)
    _printf_u                                0x0800023b   Thumb Code     0  _printf_u.o(.ARM.Collect$$_printf_percent$$0000000A)
    _printf_o                                0x08000241   Thumb Code     0  _printf_o.o(.ARM.Collect$$_printf_percent$$0000000B)
    _printf_x                                0x08000247   Thumb Code     0  _printf_x.o(.ARM.Collect$$_printf_percent$$0000000C)
    _printf_lli                              0x0800024d   Thumb Code     0  _printf_lli.o(.ARM.Collect$$_printf_percent$$0000000D)
    _printf_lld                              0x08000253   Thumb Code     0  _printf_lld.o(.ARM.Collect$$_printf_percent$$0000000E)
    _printf_llu                              0x08000259   Thumb Code     0  _printf_llu.o(.ARM.Collect$$_printf_percent$$0000000F)
    _printf_llo                              0x0800025f   Thumb Code     0  _printf_llo.o(.ARM.Collect$$_printf_percent$$00000010)
    _printf_llx                              0x08000265   Thumb Code     0  _printf_llx.o(.ARM.Collect$$_printf_percent$$00000011)
    _printf_l                                0x0800026b   Thumb Code     0  _printf_l.o(.ARM.Collect$$_printf_percent$$00000012)
    _printf_c                                0x08000275   Thumb Code     0  _printf_c.o(.ARM.Collect$$_printf_percent$$00000013)
    _printf_s                                0x0800027b   Thumb Code     0  _printf_s.o(.ARM.Collect$$_printf_percent$$00000014)
    _printf_lc                               0x08000281   Thumb Code     0  _printf_lc.o(.ARM.Collect$$_printf_percent$$00000015)
    _printf_ls                               0x08000287   Thumb Code     0  _printf_ls.o(.ARM.Collect$$_printf_percent$$00000016)
    _printf_percent_end                      0x0800028d   Thumb Code     0  _printf_percent_end.o(.ARM.Collect$$_printf_percent$$00000017)
    __rt_lib_init                            0x08000291   Thumb Code     0  libinit.o(.ARM.Collect$$libinit$$00000000)
    __rt_lib_init_fp_1                       0x08000293   Thumb Code     0  libinit2.o(.ARM.Collect$$libinit$$00000001)
    __rt_lib_init_heap_1                     0x08000297   Thumb Code     0  libinit2.o(.ARM.Collect$$libinit$$0000000A)
    __rt_lib_init_lc_common                  0x08000297   Thumb Code     0  libinit2.o(.ARM.Collect$$libinit$$0000000F)
    __rt_lib_init_preinit_1                  0x08000297   Thumb Code     0  libinit2.o(.ARM.Collect$$libinit$$00000004)
    __rt_lib_init_rand_1                     0x08000297   Thumb Code     0  libinit2.o(.ARM.Collect$$libinit$$0000000E)
    __rt_lib_init_user_alloc_1               0x08000297   Thumb Code     0  libinit2.o(.ARM.Collect$$libinit$$0000000C)
    __rt_lib_init_lc_collate_1               0x0800029d   Thumb Code     0  libinit2.o(.ARM.Collect$$libinit$$00000011)
    __rt_lib_init_lc_ctype_2                 0x0800029d   Thumb Code     0  libinit2.o(.ARM.Collect$$libinit$$00000012)
    __rt_lib_init_lc_ctype_1                 0x080002a9   Thumb Code     0  libinit2.o(.ARM.Collect$$libinit$$00000013)
    __rt_lib_init_lc_monetary_1              0x080002a9   Thumb Code     0  libinit2.o(.ARM.Collect$$libinit$$00000015)
    __rt_lib_init_lc_numeric_2               0x080002a9   Thumb Code     0  libinit2.o(.ARM.Collect$$libinit$$00000016)
    __rt_lib_init_alloca_1                   0x080002b3   Thumb Code     0  libinit2.o(.ARM.Collect$$libinit$$0000002E)
    __rt_lib_init_argv_1                     0x080002b3   Thumb Code     0  libinit2.o(.ARM.Collect$$libinit$$0000002C)
    __rt_lib_init_atexit_1                   0x080002b3   Thumb Code     0  libinit2.o(.ARM.Collect$$libinit$$0000001B)
    __rt_lib_init_clock_1                    0x080002b3   Thumb Code     0  libinit2.o(.ARM.Collect$$libinit$$00000021)
    __rt_lib_init_cpp_1                      0x080002b3   Thumb Code     0  libinit2.o(.ARM.Collect$$libinit$$00000032)
    __rt_lib_init_exceptions_1               0x080002b3   Thumb Code     0  libinit2.o(.ARM.Collect$$libinit$$00000030)
    __rt_lib_init_fp_trap_1                  0x080002b3   Thumb Code     0  libinit2.o(.ARM.Collect$$libinit$$0000001F)
    __rt_lib_init_getenv_1                   0x080002b3   Thumb Code     0  libinit2.o(.ARM.Collect$$libinit$$00000023)
    __rt_lib_init_lc_numeric_1               0x080002b3   Thumb Code     0  libinit2.o(.ARM.Collect$$libinit$$00000017)
    __rt_lib_init_lc_time_1                  0x080002b3   Thumb Code     0  libinit2.o(.ARM.Collect$$libinit$$00000019)
    __rt_lib_init_return                     0x080002b3   Thumb Code     0  libinit2.o(.ARM.Collect$$libinit$$00000033)
    __rt_lib_init_signal_1                   0x080002b3   Thumb Code     0  libinit2.o(.ARM.Collect$$libinit$$0000001D)
    __rt_lib_init_stdio_1                    0x080002b3   Thumb Code     0  libinit2.o(.ARM.Collect$$libinit$$00000025)
    __rt_lib_shutdown                        0x080002b5   Thumb Code     0  libshutdown.o(.ARM.Collect$$libshutdown$$00000000)
    __rt_lib_shutdown_cpp_1                  0x080002b7   Thumb Code     0  libshutdown2.o(.ARM.Collect$$libshutdown$$00000002)
    __rt_lib_shutdown_fp_trap_1              0x080002b7   Thumb Code     0  libshutdown2.o(.ARM.Collect$$libshutdown$$00000007)
    __rt_lib_shutdown_heap_1                 0x080002b7   Thumb Code     0  libshutdown2.o(.ARM.Collect$$libshutdown$$0000000F)
    __rt_lib_shutdown_return                 0x080002b7   Thumb Code     0  libshutdown2.o(.ARM.Collect$$libshutdown$$00000010)
    __rt_lib_shutdown_signal_1               0x080002b7   Thumb Code     0  libshutdown2.o(.ARM.Collect$$libshutdown$$0000000A)
    __rt_lib_shutdown_stdio_1                0x080002b7   Thumb Code     0  libshutdown2.o(.ARM.Collect$$libshutdown$$00000004)
    __rt_lib_shutdown_user_alloc_1           0x080002b7   Thumb Code     0  libshutdown2.o(.ARM.Collect$$libshutdown$$0000000C)
    __rt_entry                               0x080002b9   Thumb Code     0  __rtentry.o(.ARM.Collect$$rtentry$$00000000)
    __rt_entry_presh_1                       0x080002b9   Thumb Code     0  __rtentry2.o(.ARM.Collect$$rtentry$$00000002)
    __rt_entry_sh                            0x080002b9   Thumb Code     0  __rtentry4.o(.ARM.Collect$$rtentry$$00000004)
    __rt_entry_li                            0x080002bf   Thumb Code     0  __rtentry2.o(.ARM.Collect$$rtentry$$0000000A)
    __rt_entry_postsh_1                      0x080002bf   Thumb Code     0  __rtentry2.o(.ARM.Collect$$rtentry$$00000009)
    __rt_entry_main                          0x080002c3   Thumb Code     0  __rtentry2.o(.ARM.Collect$$rtentry$$0000000D)
    __rt_entry_postli_1                      0x080002c3   Thumb Code     0  __rtentry2.o(.ARM.Collect$$rtentry$$0000000C)
    __rt_exit                                0x080002cb   Thumb Code     0  rtexit.o(.ARM.Collect$$rtexit$$00000000)
    __rt_exit_ls                             0x080002cd   Thumb Code     0  rtexit2.o(.ARM.Collect$$rtexit$$00000003)
    __rt_exit_prels_1                        0x080002cd   Thumb Code     0  rtexit2.o(.ARM.Collect$$rtexit$$00000002)
    __rt_exit_exit                           0x080002d1   Thumb Code     0  rtexit2.o(.ARM.Collect$$rtexit$$00000004)
    SVC_Handler                              0x080002d9   Thumb Code    28  port.o(.emb_text)
    __asm___6_port_c_39a90d8d__prvStartFirstTask 0x080002f9   Thumb Code    36  port.o(.emb_text)
    __asm___6_port_c_39a90d8d__prvEnableVFP  0x08000321   Thumb Code    16  port.o(.emb_text)
    PendSV_Handler                           0x08000335   Thumb Code    88  port.o(.emb_text)
    vPortGetIPSR                             0x08000391   Thumb Code     6  port.o(.emb_text)
    Reset_Handler                            0x080003b9   Thumb Code     8  startup_stm32l431xx.o(.text)
    ADC1_IRQHandler                          0x080003d3   Thumb Code     0  startup_stm32l431xx.o(.text)
    CAN1_RX0_IRQHandler                      0x080003d3   Thumb Code     0  startup_stm32l431xx.o(.text)
    CAN1_RX1_IRQHandler                      0x080003d3   Thumb Code     0  startup_stm32l431xx.o(.text)
    CAN1_SCE_IRQHandler                      0x080003d3   Thumb Code     0  startup_stm32l431xx.o(.text)
    CAN1_TX_IRQHandler                       0x080003d3   Thumb Code     0  startup_stm32l431xx.o(.text)
    COMP_IRQHandler                          0x080003d3   Thumb Code     0  startup_stm32l431xx.o(.text)
    CRS_IRQHandler                           0x080003d3   Thumb Code     0  startup_stm32l431xx.o(.text)
    DMA1_Channel1_IRQHandler                 0x080003d3   Thumb Code     0  startup_stm32l431xx.o(.text)
    DMA1_Channel4_IRQHandler                 0x080003d3   Thumb Code     0  startup_stm32l431xx.o(.text)
    DMA1_Channel5_IRQHandler                 0x080003d3   Thumb Code     0  startup_stm32l431xx.o(.text)
    DMA1_Channel6_IRQHandler                 0x080003d3   Thumb Code     0  startup_stm32l431xx.o(.text)
    DMA1_Channel7_IRQHandler                 0x080003d3   Thumb Code     0  startup_stm32l431xx.o(.text)
    DMA2_Channel1_IRQHandler                 0x080003d3   Thumb Code     0  startup_stm32l431xx.o(.text)
    DMA2_Channel2_IRQHandler                 0x080003d3   Thumb Code     0  startup_stm32l431xx.o(.text)
    DMA2_Channel3_IRQHandler                 0x080003d3   Thumb Code     0  startup_stm32l431xx.o(.text)
    DMA2_Channel4_IRQHandler                 0x080003d3   Thumb Code     0  startup_stm32l431xx.o(.text)
    DMA2_Channel5_IRQHandler                 0x080003d3   Thumb Code     0  startup_stm32l431xx.o(.text)
    DMA2_Channel6_IRQHandler                 0x080003d3   Thumb Code     0  startup_stm32l431xx.o(.text)
    DMA2_Channel7_IRQHandler                 0x080003d3   Thumb Code     0  startup_stm32l431xx.o(.text)
    EXTI0_IRQHandler                         0x080003d3   Thumb Code     0  startup_stm32l431xx.o(.text)
    EXTI15_10_IRQHandler                     0x080003d3   Thumb Code     0  startup_stm32l431xx.o(.text)
    EXTI1_IRQHandler                         0x080003d3   Thumb Code     0  startup_stm32l431xx.o(.text)
    EXTI2_IRQHandler                         0x080003d3   Thumb Code     0  startup_stm32l431xx.o(.text)
    EXTI3_IRQHandler                         0x080003d3   Thumb Code     0  startup_stm32l431xx.o(.text)
    EXTI4_IRQHandler                         0x080003d3   Thumb Code     0  startup_stm32l431xx.o(.text)
    EXTI9_5_IRQHandler                       0x080003d3   Thumb Code     0  startup_stm32l431xx.o(.text)
    FLASH_IRQHandler                         0x080003d3   Thumb Code     0  startup_stm32l431xx.o(.text)
    FPU_IRQHandler                           0x080003d3   Thumb Code     0  startup_stm32l431xx.o(.text)
    I2C1_ER_IRQHandler                       0x080003d3   Thumb Code     0  startup_stm32l431xx.o(.text)
    I2C1_EV_IRQHandler                       0x080003d3   Thumb Code     0  startup_stm32l431xx.o(.text)
    I2C2_ER_IRQHandler                       0x080003d3   Thumb Code     0  startup_stm32l431xx.o(.text)
    I2C2_EV_IRQHandler                       0x080003d3   Thumb Code     0  startup_stm32l431xx.o(.text)
    I2C3_ER_IRQHandler                       0x080003d3   Thumb Code     0  startup_stm32l431xx.o(.text)
    I2C3_EV_IRQHandler                       0x080003d3   Thumb Code     0  startup_stm32l431xx.o(.text)
    LPTIM1_IRQHandler                        0x080003d3   Thumb Code     0  startup_stm32l431xx.o(.text)
    LPTIM2_IRQHandler                        0x080003d3   Thumb Code     0  startup_stm32l431xx.o(.text)
    LPUART1_IRQHandler                       0x080003d3   Thumb Code     0  startup_stm32l431xx.o(.text)
    PVD_PVM_IRQHandler                       0x080003d3   Thumb Code     0  startup_stm32l431xx.o(.text)
    QUADSPI_IRQHandler                       0x080003d3   Thumb Code     0  startup_stm32l431xx.o(.text)
    RCC_IRQHandler                           0x080003d3   Thumb Code     0  startup_stm32l431xx.o(.text)
    RNG_IRQHandler                           0x080003d3   Thumb Code     0  startup_stm32l431xx.o(.text)
    RTC_Alarm_IRQHandler                     0x080003d3   Thumb Code     0  startup_stm32l431xx.o(.text)
    RTC_WKUP_IRQHandler                      0x080003d3   Thumb Code     0  startup_stm32l431xx.o(.text)
    SAI1_IRQHandler                          0x080003d3   Thumb Code     0  startup_stm32l431xx.o(.text)
    SDMMC1_IRQHandler                        0x080003d3   Thumb Code     0  startup_stm32l431xx.o(.text)
    SPI2_IRQHandler                          0x080003d3   Thumb Code     0  startup_stm32l431xx.o(.text)
    SPI3_IRQHandler                          0x080003d3   Thumb Code     0  startup_stm32l431xx.o(.text)
    SWPMI1_IRQHandler                        0x080003d3   Thumb Code     0  startup_stm32l431xx.o(.text)
    TAMP_STAMP_IRQHandler                    0x080003d3   Thumb Code     0  startup_stm32l431xx.o(.text)
    TIM1_BRK_TIM15_IRQHandler                0x080003d3   Thumb Code     0  startup_stm32l431xx.o(.text)
    TIM1_CC_IRQHandler                       0x080003d3   Thumb Code     0  startup_stm32l431xx.o(.text)
    TIM1_TRG_COM_IRQHandler                  0x080003d3   Thumb Code     0  startup_stm32l431xx.o(.text)
    TIM1_UP_TIM16_IRQHandler                 0x080003d3   Thumb Code     0  startup_stm32l431xx.o(.text)
    TIM2_IRQHandler                          0x080003d3   Thumb Code     0  startup_stm32l431xx.o(.text)
    TIM6_DAC_IRQHandler                      0x080003d3   Thumb Code     0  startup_stm32l431xx.o(.text)
    TSC_IRQHandler                           0x080003d3   Thumb Code     0  startup_stm32l431xx.o(.text)
    USART1_IRQHandler                        0x080003d3   Thumb Code     0  startup_stm32l431xx.o(.text)
    USART2_IRQHandler                        0x080003d3   Thumb Code     0  startup_stm32l431xx.o(.text)
    USART3_IRQHandler                        0x080003d3   Thumb Code     0  startup_stm32l431xx.o(.text)
    WWDG_IRQHandler                          0x080003d3   Thumb Code     0  startup_stm32l431xx.o(.text)
    __user_initial_stackheap                 0x080003d5   Thumb Code     0  startup_stm32l431xx.o(.text)
    __aeabi_uldivmod                         0x080003f9   Thumb Code     0  lludivv7m.o(.text)
    _ll_udiv                                 0x080003f9   Thumb Code   238  lludivv7m.o(.text)
    vsnprintf                                0x080004e9   Thumb Code    48  vsnprintf.o(.text)
    strlen                                   0x0800051d   Thumb Code    62  strlen.o(.text)
    __aeabi_memcpy                           0x0800055b   Thumb Code     0  rt_memcpy_v6.o(.text)
    __rt_memcpy                              0x0800055b   Thumb Code   138  rt_memcpy_v6.o(.text)
    _memcpy_lastbytes                        0x080005c1   Thumb Code     0  rt_memcpy_v6.o(.text)
    __aeabi_memcpy4                          0x080005e5   Thumb Code     0  rt_memcpy_w.o(.text)
    __aeabi_memcpy8                          0x080005e5   Thumb Code     0  rt_memcpy_w.o(.text)
    __rt_memcpy_w                            0x080005e5   Thumb Code   100  rt_memcpy_w.o(.text)
    _memcpy_lastbytes_aligned                0x0800062d   Thumb Code     0  rt_memcpy_w.o(.text)
    __aeabi_memclr4                          0x08000649   Thumb Code     0  rt_memclr_w.o(.text)
    __aeabi_memclr8                          0x08000649   Thumb Code     0  rt_memclr_w.o(.text)
    __rt_memclr_w                            0x08000649   Thumb Code    78  rt_memclr_w.o(.text)
    _memset_w                                0x0800064d   Thumb Code     0  rt_memclr_w.o(.text)
    __use_two_region_memory                  0x08000697   Thumb Code     2  heapauxi.o(.text)
    __rt_heap_escrow$2region                 0x08000699   Thumb Code     2  heapauxi.o(.text)
    __rt_heap_expand$2region                 0x0800069b   Thumb Code     2  heapauxi.o(.text)
    _printf_pre_padding                      0x0800069d   Thumb Code    44  _printf_pad.o(.text)
    _printf_post_padding                     0x080006c9   Thumb Code    34  _printf_pad.o(.text)
    _printf_truncate_signed                  0x080006eb   Thumb Code    18  _printf_truncate.o(.text)
    _printf_truncate_unsigned                0x080006fd   Thumb Code    18  _printf_truncate.o(.text)
    _printf_str                              0x0800070f   Thumb Code    82  _printf_str.o(.text)
    _printf_int_dec                          0x08000761   Thumb Code   104  _printf_dec.o(.text)
    _printf_charcount                        0x080007d9   Thumb Code    40  _printf_charcount.o(.text)
    _printf_char_common                      0x0800080b   Thumb Code    32  _printf_char_common.o(.text)
    _sputc                                   0x08000831   Thumb Code    10  _sputc.o(.text)
    _snputc                                  0x0800083b   Thumb Code    16  _snputc.o(.text)
    _printf_wctomb                           0x0800084d   Thumb Code   182  _printf_wctomb.o(.text)
    _printf_longlong_dec                     0x08000911   Thumb Code   108  _printf_longlong_dec.o(.text)
    _printf_longlong_oct                     0x0800098d   Thumb Code    66  _printf_oct_int_ll.o(.text)
    _printf_int_oct                          0x080009cf   Thumb Code    24  _printf_oct_int_ll.o(.text)
    _printf_ll_oct                           0x080009e7   Thumb Code    12  _printf_oct_int_ll.o(.text)
    _printf_longlong_hex                     0x080009fd   Thumb Code    86  _printf_hex_int_ll_ptr.o(.text)
    _printf_int_hex                          0x08000a53   Thumb Code    28  _printf_hex_int_ll_ptr.o(.text)
    _printf_ll_hex                           0x08000a6f   Thumb Code    12  _printf_hex_int_ll_ptr.o(.text)
    _printf_hex_ptr                          0x08000a7b   Thumb Code    18  _printf_hex_int_ll_ptr.o(.text)
    __printf                                 0x08000a91   Thumb Code   388  __printf_flags_ss_wp.o(.text)
    _ll_udiv10                               0x08000c1f   Thumb Code   138  lludiv10.o(.text)
    _printf_int_common                       0x08000ca9   Thumb Code   178  _printf_intcommon.o(.text)
    __lib_sel_fp_printf                      0x08000d5b   Thumb Code     2  _printf_fp_dec.o(.text)
    _printf_fp_dec_real                      0x08000f0d   Thumb Code   620  _printf_fp_dec.o(.text)
    _printf_fp_hex_real                      0x08001181   Thumb Code   756  _printf_fp_hex.o(.text)
    _printf_cs_common                        0x08001483   Thumb Code    20  _printf_char.o(.text)
    _printf_char                             0x08001497   Thumb Code    16  _printf_char.o(.text)
    _printf_string                           0x080014a7   Thumb Code     8  _printf_char.o(.text)
    _printf_lcs_common                       0x080014af   Thumb Code    20  _printf_wchar.o(.text)
    _printf_wchar                            0x080014c3   Thumb Code    16  _printf_wchar.o(.text)
    _printf_wstring                          0x080014d3   Thumb Code     8  _printf_wchar.o(.text)
    _wcrtomb                                 0x080014db   Thumb Code    64  _wcrtomb.o(.text)
    __user_setup_stackheap                   0x0800151b   Thumb Code    74  sys_stackheap_outer.o(.text)
    __rt_ctype_table                         0x08001565   Thumb Code    16  rt_ctype_table.o(.text)
    __rt_locale                              0x08001575   Thumb Code     8  rt_locale_intlibspace.o(.text)
    _printf_fp_infnan                        0x0800157d   Thumb Code   112  _printf_fp_infnan.o(.text)
    _btod_etento                             0x080015fd   Thumb Code   224  bigflt0.o(.text)
    exit                                     0x080016e1   Thumb Code    18  exit.o(.text)
    __user_libspace                          0x080016f5   Thumb Code     8  libspace.o(.text)
    __user_perproc_libspace                  0x080016f5   Thumb Code     0  libspace.o(.text)
    __user_perthread_libspace                0x080016f5   Thumb Code     0  libspace.o(.text)
    strcmp                                   0x080016fd   Thumb Code   128  strcmpv7m.o(.text)
    _sys_exit                                0x0800177d   Thumb Code     8  sys_exit.o(.text)
    __I$use$semihosting                      0x08001789   Thumb Code     0  use_no_semi.o(.text)
    __use_no_semihosting_swi                 0x08001789   Thumb Code     2  use_no_semi.o(.text)
    __semihosting_library_function           0x0800178b   Thumb Code     0  indicate_semi.o(.text)
    _btod_d2e                                0x0800178b   Thumb Code    62  btod.o(CL$$btod_d2e)
    _d2e_denorm_low                          0x080017c9   Thumb Code    70  btod.o(CL$$btod_d2e_denorm_low)
    _d2e_norm_op1                            0x0800180f   Thumb Code    96  btod.o(CL$$btod_d2e_norm_op1)
    __btod_div_common                        0x0800186f   Thumb Code   696  btod.o(CL$$btod_div_common)
    _e2e                                     0x08001ba7   Thumb Code   220  btod.o(CL$$btod_e2e)
    _btod_ediv                               0x08001c83   Thumb Code    42  btod.o(CL$$btod_ediv)
    _btod_emul                               0x08001cad   Thumb Code    42  btod.o(CL$$btod_emul)
    __btod_mult_common                       0x08001cd7   Thumb Code   580  btod.o(CL$$btod_mult_common)
    BSP_SPI_Bus_Init                         0x08001f1b   Thumb Code    46  bsp_spi.o(i.BSP_SPI_Bus_Init)
    BSP_SPI_Handle_Init                      0x08001f49   Thumb Code    20  bsp_spi.o(i.BSP_SPI_Handle_Init)
    BSP_SPI_LockBus                          0x08001f5d   Thumb Code    52  bsp_spi.o(i.BSP_SPI_LockBus)
    BSP_SPI_Receive                          0x08001f91   Thumb Code    26  bsp_spi.o(i.BSP_SPI_Receive)
    BSP_SPI_Transmit                         0x08001fab   Thumb Code    26  bsp_spi.o(i.BSP_SPI_Transmit)
    BSP_SPI_TransmitReceive                  0x08001fc5   Thumb Code    32  bsp_spi.o(i.BSP_SPI_TransmitReceive)
    BSP_SPI_UnlockBus                        0x08001fe5   Thumb Code    30  bsp_spi.o(i.BSP_SPI_UnlockBus)
    BusFault_Handler                         0x08002003   Thumb Code     2  stm32l4xx_it.o(i.BusFault_Handler)
    DMA1_Channel2_IRQHandler                 0x08002005   Thumb Code     6  stm32l4xx_it.o(i.DMA1_Channel2_IRQHandler)
    DMA1_Channel3_IRQHandler                 0x08002011   Thumb Code     6  stm32l4xx_it.o(i.DMA1_Channel3_IRQHandler)
    DebugMon_Handler                         0x0800201d   Thumb Code     2  stm32l4xx_it.o(i.DebugMon_Handler)
    Debug_Init                               0x0800201f   Thumb Code     2  log.o(i.Debug_Init)
    Debug_Log                                0x08002021   Thumb Code    70  log.o(i.Debug_Log)
    Error_Handler                            0x08002071   Thumb Code     4  main.o(i.Error_Handler)
    HAL_ADC_ConfigChannel                    0x08002075   Thumb Code   960  stm32l4xx_hal_adc.o(i.HAL_ADC_ConfigChannel)
    HAL_ADC_Init                             0x08002469   Thumb Code   400  stm32l4xx_hal_adc.o(i.HAL_ADC_Init)
    HAL_ADC_MspInit                          0x08002619   Thumb Code   136  stm32l4xx_hal_msp.o(i.HAL_ADC_MspInit)
    HAL_DMA_Abort_IT                         0x080026a9   Thumb Code    78  stm32l4xx_hal_dma.o(i.HAL_DMA_Abort_IT)
    HAL_DMA_IRQHandler                       0x080026f7   Thumb Code   186  stm32l4xx_hal_dma.o(i.HAL_DMA_IRQHandler)
    HAL_DMA_Init                             0x080027b1   Thumb Code   178  stm32l4xx_hal_dma.o(i.HAL_DMA_Init)
    HAL_GPIO_Init                            0x08002871   Thumb Code   434  stm32l4xx_hal_gpio.o(i.HAL_GPIO_Init)
    HAL_GPIO_WritePin                        0x08002a47   Thumb Code    10  stm32l4xx_hal_gpio.o(i.HAL_GPIO_WritePin)
    HAL_GetTick                              0x08002a51   Thumb Code     6  stm32l4xx_hal.o(i.HAL_GetTick)
    HAL_IncTick                              0x08002a5d   Thumb Code    12  stm32l4xx_hal.o(i.HAL_IncTick)
    HAL_Init                                 0x08002a6d   Thumb Code    30  stm32l4xx_hal.o(i.HAL_Init)
    HAL_InitTick                             0x08002a8d   Thumb Code   132  stm32l4xx_hal_timebase_tim.o(i.HAL_InitTick)
    HAL_MspInit                              0x08002b25   Thumb Code    48  stm32l4xx_hal_msp.o(i.HAL_MspInit)
    HAL_NVIC_EnableIRQ                       0x08002b59   Thumb Code    26  stm32l4xx_hal_cortex.o(i.HAL_NVIC_EnableIRQ)
    HAL_NVIC_SetPriority                     0x08002b75   Thumb Code    60  stm32l4xx_hal_cortex.o(i.HAL_NVIC_SetPriority)
    HAL_NVIC_SetPriorityGrouping             0x08002bb5   Thumb Code    26  stm32l4xx_hal_cortex.o(i.HAL_NVIC_SetPriorityGrouping)
    HAL_PWREx_ControlVoltageScaling          0x08002bd9   Thumb Code    90  stm32l4xx_hal_pwr_ex.o(i.HAL_PWREx_ControlVoltageScaling)
    HAL_PWREx_GetVoltageRange                0x08002c41   Thumb Code    10  stm32l4xx_hal_pwr_ex.o(i.HAL_PWREx_GetVoltageRange)
    HAL_RCCEx_PeriphCLKConfig                0x08002c51   Thumb Code   682  stm32l4xx_hal_rcc_ex.o(i.HAL_RCCEx_PeriphCLKConfig)
    HAL_RCC_ClockConfig                      0x08002f0d   Thumb Code   304  stm32l4xx_hal_rcc.o(i.HAL_RCC_ClockConfig)
    HAL_RCC_GetClockConfig                   0x08003051   Thumb Code    54  stm32l4xx_hal_rcc.o(i.HAL_RCC_GetClockConfig)
    HAL_RCC_GetPCLK1Freq                     0x08003091   Thumb Code    24  stm32l4xx_hal_rcc.o(i.HAL_RCC_GetPCLK1Freq)
    HAL_RCC_GetPCLK2Freq                     0x080030b5   Thumb Code    24  stm32l4xx_hal_rcc.o(i.HAL_RCC_GetPCLK2Freq)
    HAL_RCC_GetSysClockFreq                  0x080030d9   Thumb Code   150  stm32l4xx_hal_rcc.o(i.HAL_RCC_GetSysClockFreq)
    HAL_RCC_OscConfig                        0x0800317d   Thumb Code  1366  stm32l4xx_hal_rcc.o(i.HAL_RCC_OscConfig)
    HAL_SPI_ErrorCallback                    0x080036dd   Thumb Code     2  stm32l4xx_hal_spi.o(i.HAL_SPI_ErrorCallback)
    HAL_SPI_IRQHandler                       0x080036e1   Thumb Code   246  stm32l4xx_hal_spi.o(i.HAL_SPI_IRQHandler)
    HAL_SPI_Init                             0x080037dd   Thumb Code   224  stm32l4xx_hal_spi.o(i.HAL_SPI_Init)
    HAL_SPI_MspInit                          0x080038bd   Thumb Code   194  stm32l4xx_hal_msp.o(i.HAL_SPI_MspInit)
    HAL_SPI_Receive                          0x08003999   Thumb Code   392  stm32l4xx_hal_spi.o(i.HAL_SPI_Receive)
    HAL_SPI_Transmit                         0x08003b27   Thumb Code   392  stm32l4xx_hal_spi.o(i.HAL_SPI_Transmit)
    HAL_SPI_TransmitReceive                  0x08003cb5   Thumb Code   610  stm32l4xx_hal_spi.o(i.HAL_SPI_TransmitReceive)
    HAL_TIMEx_Break2Callback                 0x08003f1d   Thumb Code     2  stm32l4xx_hal_tim_ex.o(i.HAL_TIMEx_Break2Callback)
    HAL_TIMEx_BreakCallback                  0x08003f1f   Thumb Code     2  stm32l4xx_hal_tim_ex.o(i.HAL_TIMEx_BreakCallback)
    HAL_TIMEx_CommutCallback                 0x08003f21   Thumb Code     2  stm32l4xx_hal_tim_ex.o(i.HAL_TIMEx_CommutCallback)
    HAL_TIM_Base_Init                        0x08003f23   Thumb Code    98  stm32l4xx_hal_tim.o(i.HAL_TIM_Base_Init)
    HAL_TIM_Base_MspInit                     0x08003f85   Thumb Code     2  stm32l4xx_hal_tim.o(i.HAL_TIM_Base_MspInit)
    HAL_TIM_Base_Start_IT                    0x08003f89   Thumb Code    76  stm32l4xx_hal_tim.o(i.HAL_TIM_Base_Start_IT)
    HAL_TIM_IC_CaptureCallback               0x08003fe1   Thumb Code     2  stm32l4xx_hal_tim.o(i.HAL_TIM_IC_CaptureCallback)
    HAL_TIM_IRQHandler                       0x08003fe3   Thumb Code   388  stm32l4xx_hal_tim.o(i.HAL_TIM_IRQHandler)
    HAL_TIM_OC_DelayElapsedCallback          0x08004167   Thumb Code     2  stm32l4xx_hal_tim.o(i.HAL_TIM_OC_DelayElapsedCallback)
    HAL_TIM_PWM_PulseFinishedCallback        0x08004169   Thumb Code     2  stm32l4xx_hal_tim.o(i.HAL_TIM_PWM_PulseFinishedCallback)
    HAL_TIM_PeriodElapsedCallback            0x0800416d   Thumb Code    14  main.o(i.HAL_TIM_PeriodElapsedCallback)
    HAL_TIM_TriggerCallback                  0x08004181   Thumb Code     2  stm32l4xx_hal_tim.o(i.HAL_TIM_TriggerCallback)
    HAL_UART_Init                            0x08004183   Thumb Code   102  stm32l4xx_hal_uart.o(i.HAL_UART_Init)
    HAL_UART_MspInit                         0x080041e9   Thumb Code   256  stm32l4xx_hal_msp.o(i.HAL_UART_MspInit)
    HAL_UART_Transmit                        0x080042fd   Thumb Code   182  stm32l4xx_hal_uart.o(i.HAL_UART_Transmit)
    HardFault_Handler                        0x080043b3   Thumb Code     2  stm32l4xx_it.o(i.HardFault_Handler)
    Log_Task_Init                            0x08004401   Thumb Code    58  log.o(i.Log_Task_Init)
    MemManage_Handler                        0x080046d9   Thumb Code     2  stm32l4xx_it.o(i.MemManage_Handler)
    NMI_Handler                              0x080046db   Thumb Code     2  stm32l4xx_it.o(i.NMI_Handler)
    SPI1_IRQHandler                          0x08004885   Thumb Code     6  stm32l4xx_it.o(i.SPI1_IRQHandler)
    StartDefaultTask                         0x08004b01   Thumb Code     8  main.o(i.StartDefaultTask)
    StartLogTask                             0x08004b09   Thumb Code    46  log.o(i.StartLogTask)
    StartW25Q32Task                          0x08004b41   Thumb Code   228  w25q32_task.o(i.StartW25Q32Task)
    Storage_Append                           0x08004d21   Thumb Code   116  storage_manager.o(i.Storage_Append)
    Storage_Format                           0x08004dc9   Thumb Code    56  storage_manager.o(i.Storage_Format)
    Storage_Init                             0x08004e31   Thumb Code    36  storage_manager.o(i.Storage_Init)
    Storage_Read                             0x08004e55   Thumb Code    26  storage_manager.o(i.Storage_Read)
    Storage_Recover                          0x08004e71   Thumb Code   228  storage_manager.o(i.Storage_Recover)
    SysTick_Handler                          0x08004fd1   Thumb Code    38  port.o(i.SysTick_Handler)
    SystemClock_Config                       0x08004ffd   Thumb Code   110  main.o(i.SystemClock_Config)
    SystemInit                               0x0800506d   Thumb Code    12  system_stm32l4xx.o(i.SystemInit)
    TIM7_IRQHandler                          0x0800507d   Thumb Code     6  stm32l4xx_it.o(i.TIM7_IRQHandler)
    TIM_Base_SetConfig                       0x08005089   Thumb Code    94  stm32l4xx_hal_tim.o(i.TIM_Base_SetConfig)
    UART_AdvFeatureConfig                    0x080050f5   Thumb Code   200  stm32l4xx_hal_uart.o(i.UART_AdvFeatureConfig)
    UART_CheckIdleState                      0x080051bd   Thumb Code    92  stm32l4xx_hal_uart.o(i.UART_CheckIdleState)
    UART_SetConfig                           0x08005219   Thumb Code   478  stm32l4xx_hal_uart.o(i.UART_SetConfig)
    UART_WaitOnFlagUntilTimeout              0x08005419   Thumb Code   198  stm32l4xx_hal_uart.o(i.UART_WaitOnFlagUntilTimeout)
    UsageFault_Handler                       0x080054df   Thumb Code     2  stm32l4xx_it.o(i.UsageFault_Handler)
    W25Q32_Task_Init                         0x080054e1   Thumb Code    58  w25q32_task.o(i.W25Q32_Task_Init)
    W25Q_EraseSector                         0x0800553b   Thumb Code    94  w25q32.o(i.W25Q_EraseSector)
    W25Q_Init                                0x08005599   Thumb Code    36  w25q32.o(i.W25Q_Init)
    W25Q_Read                                0x080055bd   Thumb Code    90  w25q32.o(i.W25Q_Read)
    W25Q_WaitForReady                        0x08005621   Thumb Code   164  w25q32.o(i.W25Q_WaitForReady)
    W25Q_Write                               0x080056c9   Thumb Code   142  w25q32.o(i.W25Q_Write)
    __ARM_fpclassify                         0x0800578d   Thumb Code    48  fpclassify.o(i.__ARM_fpclassify)
    _is_digit                                0x080057dd   Thumb Code    14  __printf_wp.o(i._is_digit)
    main                                     0x080057f9   Thumb Code   124  main.o(i.main)
    osDelay                                  0x0800588d   Thumb Code    14  cmsis_os.o(i.osDelay)
    osKernelStart                            0x0800589b   Thumb Code    10  cmsis_os.o(i.osKernelStart)
    osKernelSysTick                          0x080058a5   Thumb Code    24  cmsis_os.o(i.osKernelSysTick)
    osThreadCreate                           0x080058bd   Thumb Code    84  cmsis_os.o(i.osThreadCreate)
    pvPortMalloc                             0x08005da5   Thumb Code   216  heap_4.o(i.pvPortMalloc)
    pvTaskIncrementMutexHeldCount            0x08005e81   Thumb Code    18  tasks.o(i.pvTaskIncrementMutexHeldCount)
    pxPortInitialiseStack                    0x08005e99   Thumb Code    40  port.o(i.pxPortInitialiseStack)
    uxListRemove                             0x08005ec5   Thumb Code    38  list.o(i.uxListRemove)
    vApplicationGetIdleTaskMemory            0x08005eed   Thumb Code    16  freertos.o(i.vApplicationGetIdleTaskMemory)
    vListInitialise                          0x08005f01   Thumb Code    22  list.o(i.vListInitialise)
    vListInitialiseItem                      0x08005f17   Thumb Code     6  list.o(i.vListInitialiseItem)
    vListInsert                              0x08005f1d   Thumb Code    48  list.o(i.vListInsert)
    vListInsertEnd                           0x08005f4d   Thumb Code    24  list.o(i.vListInsertEnd)
    vPortEnterCritical                       0x08005f65   Thumb Code    54  port.o(i.vPortEnterCritical)
    vPortExitCritical                        0x08005fa5   Thumb Code    34  port.o(i.vPortExitCritical)
    vPortFree                                0x08005fcd   Thumb Code    94  heap_4.o(i.vPortFree)
    vPortSetupTimerInterrupt                 0x08006031   Thumb Code    32  port.o(i.vPortSetupTimerInterrupt)
    vPortValidateInterruptPriority           0x08006055   Thumb Code    74  port.o(i.vPortValidateInterruptPriority)
    vTaskDelay                               0x080060a9   Thumb Code    66  tasks.o(i.vTaskDelay)
    vTaskInternalSetTimeOutState             0x080060f5   Thumb Code    12  tasks.o(i.vTaskInternalSetTimeOutState)
    vTaskMissedYield                         0x08006105   Thumb Code     8  tasks.o(i.vTaskMissedYield)
    vTaskPlaceOnEventList                    0x08006111   Thumb Code    44  tasks.o(i.vTaskPlaceOnEventList)
    vTaskPriorityDisinheritAfterTimeout      0x08006141   Thumb Code   152  tasks.o(i.vTaskPriorityDisinheritAfterTimeout)
    vTaskStartScheduler                      0x080061e1   Thumb Code    90  tasks.o(i.vTaskStartScheduler)
    vTaskSuspendAll                          0x0800624d   Thumb Code    10  tasks.o(i.vTaskSuspendAll)
    vTaskSwitchContext                       0x0800625d   Thumb Code    82  tasks.o(i.vTaskSwitchContext)
    xPortStartScheduler                      0x080062b9   Thumb Code   222  port.o(i.xPortStartScheduler)
    xQueueCreateMutex                        0x080063ad   Thumb Code    22  queue.o(i.xQueueCreateMutex)
    xQueueGenericCreate                      0x080063c3   Thumb Code    66  queue.o(i.xQueueGenericCreate)
    xQueueGenericReset                       0x08006405   Thumb Code   132  queue.o(i.xQueueGenericReset)
    xQueueGenericSend                        0x0800648d   Thumb Code   346  queue.o(i.xQueueGenericSend)
    xQueueReceive                            0x080065ed   Thumb Code   308  queue.o(i.xQueueReceive)
    xQueueSemaphoreTake                      0x08006725   Thumb Code   372  queue.o(i.xQueueSemaphoreTake)
    xTaskCheckForTimeOut                     0x0800689d   Thumb Code   112  tasks.o(i.xTaskCheckForTimeOut)
    xTaskCreate                              0x08006911   Thumb Code    90  tasks.o(i.xTaskCreate)
    xTaskCreateStatic                        0x08006971   Thumb Code    86  tasks.o(i.xTaskCreateStatic)
    xTaskGetCurrentTaskHandle                0x080069c9   Thumb Code     6  tasks.o(i.xTaskGetCurrentTaskHandle)
    xTaskGetSchedulerState                   0x080069d5   Thumb Code    22  tasks.o(i.xTaskGetSchedulerState)
    xTaskGetTickCount                        0x080069f1   Thumb Code     6  tasks.o(i.xTaskGetTickCount)
    xTaskGetTickCountFromISR                 0x080069fd   Thumb Code    12  tasks.o(i.xTaskGetTickCountFromISR)
    xTaskIncrementTick                       0x08006a0d   Thumb Code   194  tasks.o(i.xTaskIncrementTick)
    xTaskPriorityDisinherit                  0x08006ad9   Thumb Code   144  tasks.o(i.xTaskPriorityDisinherit)
    xTaskPriorityInherit                     0x08006b71   Thumb Code   130  tasks.o(i.xTaskPriorityInherit)
    xTaskRemoveFromEventList                 0x08006bfd   Thumb Code   108  tasks.o(i.xTaskRemoveFromEventList)
    xTaskResumeAll                           0x08006c71   Thumb Code   182  tasks.o(i.xTaskResumeAll)
    _get_lc_numeric                          0x08006d35   Thumb Code    44  lc_numeric_c.o(locale$$code)
    _get_lc_ctype                            0x08006d61   Thumb Code    44  lc_ctype_c.o(locale$$code)
    __fpl_dretinf                            0x08006d8d   Thumb Code    12  dretinf.o(x$fpl$dretinf)
    __aeabi_f2d                              0x08006d99   Thumb Code     0  f2d.o(x$fpl$f2d)
    _f2d                                     0x08006d99   Thumb Code    86  f2d.o(x$fpl$f2d)
    __fpl_fnaninf                            0x08006def   Thumb Code   140  fnaninf.o(x$fpl$fnaninf)
    _fp_init                                 0x08006e7b   Thumb Code    10  fpinit.o(x$fpl$fpinit)
    __fplib_config_fpu_vfp                   0x08006e83   Thumb Code     0  fpinit.o(x$fpl$fpinit)
    __fplib_config_pureend_doubles           0x08006e83   Thumb Code     0  fpinit.o(x$fpl$fpinit)
    _printf_fp_dec                           0x08006e85   Thumb Code     4  printf1.o(x$fpl$printf1)
    _printf_fp_hex                           0x08006e89   Thumb Code     4  printf2.o(x$fpl$printf2)
    __I$use$fp                               0x08006e8c   Number         0  usenofp.o(x$fpl$usenofp)
    AHBPrescTable                            0x08006ea8   Data          16  system_stm32l4xx.o(.constdata)
    MSIRangeTable                            0x08006eb8   Data          48  system_stm32l4xx.o(.constdata)
    APBPrescTable                            0x08006ee8   Data           8  system_stm32l4xx.o(.constdata)
    Region$$Table$$Base                      0x0800708c   Number         0  anon$$obj.o(Region$$Table)
    Region$$Table$$Limit                     0x080070ac   Number         0  anon$$obj.o(Region$$Table)
    __ctype                                  0x080070d5   Data           0  lc_ctype_c.o(locale$$data)
    defaultTaskHandle                        0x20000000   Data           4  main.o(.data)
    uwTickFreq                               0x20000004   Data           1  stm32l4xx_hal.o(.data)
    uwTickPrio                               0x20000008   Data           4  stm32l4xx_hal.o(.data)
    uwTick                                   0x2000000c   Data           4  stm32l4xx_hal.o(.data)
    SystemCoreClock                          0x20000010   Data           4  system_stm32l4xx.o(.data)
    w25q32TaskHandle                         0x20000014   Data           4  w25q32_task.o(.data)
    pxCurrentTCB                             0x20000034   Data           4  tasks.o(.data)
    hadc1                                    0x2000009c   Data         100  main.o(.bss)
    hspi1                                    0x20000100   Data         100  main.o(.bss)
    huart1                                   0x20000164   Data         132  main.o(.bss)
    huart2                                   0x200001e8   Data         132  main.o(.bss)
    huart3                                   0x2000026c   Data         132  main.o(.bss)
    hdma_spi1_tx                             0x200002f0   Data          72  main.o(.bss)
    hdma_spi1_rx                             0x20000338   Data          72  main.o(.bss)
    htim7                                    0x200005d4   Data          76  stm32l4xx_hal_timebase_tim.o(.bss)
    __libspace_start                         0x200045c4   Data          96  libspace.o(.bss)
    __temporary_stack_top$libspace           0x20004624   Data           0  libspace.o(.bss)



==============================================================================

Memory Map of the image

  Image Entry point : 0x0800018d

  Load Region LR_IROM1 (Base: 0x08000000, Size: 0x00007274, Max: 0x00040000, ABSOLUTE)

    Execution Region ER_IROM1 (Exec base: 0x08000000, Load base: 0x08000000, Size: 0x000071d8, Max: 0x00040000, ABSOLUTE)

    Exec Addr    Load Addr    Size         Type   Attr      Idx    E Section Name        Object

    0x08000000   0x08000000   0x0000018c   Data   RO            3    RESET               startup_stm32l431xx.o
    0x0800018c   0x0800018c   0x00000008   Code   RO         5844  * !!!main             c_w.l(__main.o)
    0x08000194   0x08000194   0x00000034   Code   RO         6185    !!!scatter          c_w.l(__scatter.o)
    0x080001c8   0x080001c8   0x0000001a   Code   RO         6187    !!handler_copy      c_w.l(__scatter_copy.o)
    0x080001e2   0x080001e2   0x00000002   PAD
    0x080001e4   0x080001e4   0x0000001c   Code   RO         6189    !!handler_zi        c_w.l(__scatter_zi.o)
    0x08000200   0x08000200   0x00000000   Code   RO         5936    .ARM.Collect$$_printf_percent$$00000000  c_w.l(_printf_percent.o)
    0x08000200   0x08000200   0x00000006   Code   RO         5925    .ARM.Collect$$_printf_percent$$00000001  c_w.l(_printf_n.o)
    0x08000206   0x08000206   0x00000006   Code   RO         5927    .ARM.Collect$$_printf_percent$$00000002  c_w.l(_printf_p.o)
    0x0800020c   0x0800020c   0x00000006   Code   RO         5932    .ARM.Collect$$_printf_percent$$00000003  c_w.l(_printf_f.o)
    0x08000212   0x08000212   0x00000006   Code   RO         5933    .ARM.Collect$$_printf_percent$$00000004  c_w.l(_printf_e.o)
    0x08000218   0x08000218   0x00000006   Code   RO         5934    .ARM.Collect$$_printf_percent$$00000005  c_w.l(_printf_g.o)
    0x0800021e   0x0800021e   0x00000006   Code   RO         5935    .ARM.Collect$$_printf_percent$$00000006  c_w.l(_printf_a.o)
    0x08000224   0x08000224   0x0000000a   Code   RO         5940    .ARM.Collect$$_printf_percent$$00000007  c_w.l(_printf_ll.o)
    0x0800022e   0x0800022e   0x00000006   Code   RO         5929    .ARM.Collect$$_printf_percent$$00000008  c_w.l(_printf_i.o)
    0x08000234   0x08000234   0x00000006   Code   RO         5930    .ARM.Collect$$_printf_percent$$00000009  c_w.l(_printf_d.o)
    0x0800023a   0x0800023a   0x00000006   Code   RO         5931    .ARM.Collect$$_printf_percent$$0000000A  c_w.l(_printf_u.o)
    0x08000240   0x08000240   0x00000006   Code   RO         5928    .ARM.Collect$$_printf_percent$$0000000B  c_w.l(_printf_o.o)
    0x08000246   0x08000246   0x00000006   Code   RO         5926    .ARM.Collect$$_printf_percent$$0000000C  c_w.l(_printf_x.o)
    0x0800024c   0x0800024c   0x00000006   Code   RO         5937    .ARM.Collect$$_printf_percent$$0000000D  c_w.l(_printf_lli.o)
    0x08000252   0x08000252   0x00000006   Code   RO         5938    .ARM.Collect$$_printf_percent$$0000000E  c_w.l(_printf_lld.o)
    0x08000258   0x08000258   0x00000006   Code   RO         5939    .ARM.Collect$$_printf_percent$$0000000F  c_w.l(_printf_llu.o)
    0x0800025e   0x0800025e   0x00000006   Code   RO         5944    .ARM.Collect$$_printf_percent$$00000010  c_w.l(_printf_llo.o)
    0x08000264   0x08000264   0x00000006   Code   RO         5945    .ARM.Collect$$_printf_percent$$00000011  c_w.l(_printf_llx.o)
    0x0800026a   0x0800026a   0x0000000a   Code   RO         5941    .ARM.Collect$$_printf_percent$$00000012  c_w.l(_printf_l.o)
    0x08000274   0x08000274   0x00000006   Code   RO         5923    .ARM.Collect$$_printf_percent$$00000013  c_w.l(_printf_c.o)
    0x0800027a   0x0800027a   0x00000006   Code   RO         5924    .ARM.Collect$$_printf_percent$$00000014  c_w.l(_printf_s.o)
    0x08000280   0x08000280   0x00000006   Code   RO         5942    .ARM.Collect$$_printf_percent$$00000015  c_w.l(_printf_lc.o)
    0x08000286   0x08000286   0x00000006   Code   RO         5943    .ARM.Collect$$_printf_percent$$00000016  c_w.l(_printf_ls.o)
    0x0800028c   0x0800028c   0x00000004   Code   RO         5993    .ARM.Collect$$_printf_percent$$00000017  c_w.l(_printf_percent_end.o)
    0x08000290   0x08000290   0x00000002   Code   RO         6046    .ARM.Collect$$libinit$$00000000  c_w.l(libinit.o)
    0x08000292   0x08000292   0x00000004   Code   RO         6067    .ARM.Collect$$libinit$$00000001  c_w.l(libinit2.o)
    0x08000296   0x08000296   0x00000000   Code   RO         6070    .ARM.Collect$$libinit$$00000004  c_w.l(libinit2.o)
    0x08000296   0x08000296   0x00000000   Code   RO         6073    .ARM.Collect$$libinit$$0000000A  c_w.l(libinit2.o)
    0x08000296   0x08000296   0x00000000   Code   RO         6075    .ARM.Collect$$libinit$$0000000C  c_w.l(libinit2.o)
    0x08000296   0x08000296   0x00000000   Code   RO         6077    .ARM.Collect$$libinit$$0000000E  c_w.l(libinit2.o)
    0x08000296   0x08000296   0x00000006   Code   RO         6078    .ARM.Collect$$libinit$$0000000F  c_w.l(libinit2.o)
    0x0800029c   0x0800029c   0x00000000   Code   RO         6080    .ARM.Collect$$libinit$$00000011  c_w.l(libinit2.o)
    0x0800029c   0x0800029c   0x0000000c   Code   RO         6081    .ARM.Collect$$libinit$$00000012  c_w.l(libinit2.o)
    0x080002a8   0x080002a8   0x00000000   Code   RO         6082    .ARM.Collect$$libinit$$00000013  c_w.l(libinit2.o)
    0x080002a8   0x080002a8   0x00000000   Code   RO         6084    .ARM.Collect$$libinit$$00000015  c_w.l(libinit2.o)
    0x080002a8   0x080002a8   0x0000000a   Code   RO         6085    .ARM.Collect$$libinit$$00000016  c_w.l(libinit2.o)
    0x080002b2   0x080002b2   0x00000000   Code   RO         6086    .ARM.Collect$$libinit$$00000017  c_w.l(libinit2.o)
    0x080002b2   0x080002b2   0x00000000   Code   RO         6088    .ARM.Collect$$libinit$$00000019  c_w.l(libinit2.o)
    0x080002b2   0x080002b2   0x00000000   Code   RO         6090    .ARM.Collect$$libinit$$0000001B  c_w.l(libinit2.o)
    0x080002b2   0x080002b2   0x00000000   Code   RO         6092    .ARM.Collect$$libinit$$0000001D  c_w.l(libinit2.o)
    0x080002b2   0x080002b2   0x00000000   Code   RO         6094    .ARM.Collect$$libinit$$0000001F  c_w.l(libinit2.o)
    0x080002b2   0x080002b2   0x00000000   Code   RO         6096    .ARM.Collect$$libinit$$00000021  c_w.l(libinit2.o)
    0x080002b2   0x080002b2   0x00000000   Code   RO         6098    .ARM.Collect$$libinit$$00000023  c_w.l(libinit2.o)
    0x080002b2   0x080002b2   0x00000000   Code   RO         6100    .ARM.Collect$$libinit$$00000025  c_w.l(libinit2.o)
    0x080002b2   0x080002b2   0x00000000   Code   RO         6104    .ARM.Collect$$libinit$$0000002C  c_w.l(libinit2.o)
    0x080002b2   0x080002b2   0x00000000   Code   RO         6106    .ARM.Collect$$libinit$$0000002E  c_w.l(libinit2.o)
    0x080002b2   0x080002b2   0x00000000   Code   RO         6108    .ARM.Collect$$libinit$$00000030  c_w.l(libinit2.o)
    0x080002b2   0x080002b2   0x00000000   Code   RO         6110    .ARM.Collect$$libinit$$00000032  c_w.l(libinit2.o)
    0x080002b2   0x080002b2   0x00000002   Code   RO         6111    .ARM.Collect$$libinit$$00000033  c_w.l(libinit2.o)
    0x080002b4   0x080002b4   0x00000002   Code   RO         6142    .ARM.Collect$$libshutdown$$00000000  c_w.l(libshutdown.o)
    0x080002b6   0x080002b6   0x00000000   Code   RO         6168    .ARM.Collect$$libshutdown$$00000002  c_w.l(libshutdown2.o)
    0x080002b6   0x080002b6   0x00000000   Code   RO         6170    .ARM.Collect$$libshutdown$$00000004  c_w.l(libshutdown2.o)
    0x080002b6   0x080002b6   0x00000000   Code   RO         6173    .ARM.Collect$$libshutdown$$00000007  c_w.l(libshutdown2.o)
    0x080002b6   0x080002b6   0x00000000   Code   RO         6176    .ARM.Collect$$libshutdown$$0000000A  c_w.l(libshutdown2.o)
    0x080002b6   0x080002b6   0x00000000   Code   RO         6178    .ARM.Collect$$libshutdown$$0000000C  c_w.l(libshutdown2.o)
    0x080002b6   0x080002b6   0x00000000   Code   RO         6181    .ARM.Collect$$libshutdown$$0000000F  c_w.l(libshutdown2.o)
    0x080002b6   0x080002b6   0x00000002   Code   RO         6182    .ARM.Collect$$libshutdown$$00000010  c_w.l(libshutdown2.o)
    0x080002b8   0x080002b8   0x00000000   Code   RO         5848    .ARM.Collect$$rtentry$$00000000  c_w.l(__rtentry.o)
    0x080002b8   0x080002b8   0x00000000   Code   RO         5962    .ARM.Collect$$rtentry$$00000002  c_w.l(__rtentry2.o)
    0x080002b8   0x080002b8   0x00000006   Code   RO         5974    .ARM.Collect$$rtentry$$00000004  c_w.l(__rtentry4.o)
    0x080002be   0x080002be   0x00000000   Code   RO         5964    .ARM.Collect$$rtentry$$00000009  c_w.l(__rtentry2.o)
    0x080002be   0x080002be   0x00000004   Code   RO         5965    .ARM.Collect$$rtentry$$0000000A  c_w.l(__rtentry2.o)
    0x080002c2   0x080002c2   0x00000000   Code   RO         5967    .ARM.Collect$$rtentry$$0000000C  c_w.l(__rtentry2.o)
    0x080002c2   0x080002c2   0x00000008   Code   RO         5968    .ARM.Collect$$rtentry$$0000000D  c_w.l(__rtentry2.o)
    0x080002ca   0x080002ca   0x00000002   Code   RO         6054    .ARM.Collect$$rtexit$$00000000  c_w.l(rtexit.o)
    0x080002cc   0x080002cc   0x00000000   Code   RO         6115    .ARM.Collect$$rtexit$$00000002  c_w.l(rtexit2.o)
    0x080002cc   0x080002cc   0x00000004   Code   RO         6116    .ARM.Collect$$rtexit$$00000003  c_w.l(rtexit2.o)
    0x080002d0   0x080002d0   0x00000006   Code   RO         6117    .ARM.Collect$$rtexit$$00000004  c_w.l(rtexit2.o)
    0x080002d6   0x080002d6   0x00000002   PAD
    0x080002d8   0x080002d8   0x000000de   Code   RO         5749    .emb_text           port.o
    0x080003b6   0x080003b6   0x00000002   PAD
    0x080003b8   0x080003b8   0x00000040   Code   RO            4    .text               startup_stm32l431xx.o
    0x080003f8   0x080003f8   0x000000ee   Code   RO         5828    .text               c_w.l(lludivv7m.o)
    0x080004e6   0x080004e6   0x00000002   PAD
    0x080004e8   0x080004e8   0x00000034   Code   RO         5830    .text               c_w.l(vsnprintf.o)
    0x0800051c   0x0800051c   0x0000003e   Code   RO         5832    .text               c_w.l(strlen.o)
    0x0800055a   0x0800055a   0x0000008a   Code   RO         5834    .text               c_w.l(rt_memcpy_v6.o)
    0x080005e4   0x080005e4   0x00000064   Code   RO         5836    .text               c_w.l(rt_memcpy_w.o)
    0x08000648   0x08000648   0x0000004e   Code   RO         5840    .text               c_w.l(rt_memclr_w.o)
    0x08000696   0x08000696   0x00000006   Code   RO         5842    .text               c_w.l(heapauxi.o)
    0x0800069c   0x0800069c   0x0000004e   Code   RO         5855    .text               c_w.l(_printf_pad.o)
    0x080006ea   0x080006ea   0x00000024   Code   RO         5857    .text               c_w.l(_printf_truncate.o)
    0x0800070e   0x0800070e   0x00000052   Code   RO         5859    .text               c_w.l(_printf_str.o)
    0x08000760   0x08000760   0x00000078   Code   RO         5861    .text               c_w.l(_printf_dec.o)
    0x080007d8   0x080007d8   0x00000028   Code   RO         5863    .text               c_w.l(_printf_charcount.o)
    0x08000800   0x08000800   0x00000030   Code   RO         5865    .text               c_w.l(_printf_char_common.o)
    0x08000830   0x08000830   0x0000000a   Code   RO         5867    .text               c_w.l(_sputc.o)
    0x0800083a   0x0800083a   0x00000010   Code   RO         5869    .text               c_w.l(_snputc.o)
    0x0800084a   0x0800084a   0x00000002   PAD
    0x0800084c   0x0800084c   0x000000c2   Code   RO         5871    .text               c_w.l(_printf_wctomb.o)
    0x0800090e   0x0800090e   0x00000002   PAD
    0x08000910   0x08000910   0x0000007c   Code   RO         5874    .text               c_w.l(_printf_longlong_dec.o)
    0x0800098c   0x0800098c   0x00000070   Code   RO         5880    .text               c_w.l(_printf_oct_int_ll.o)
    0x080009fc   0x080009fc   0x00000094   Code   RO         5900    .text               c_w.l(_printf_hex_int_ll_ptr.o)
    0x08000a90   0x08000a90   0x0000018e   Code   RO         5920    .text               c_w.l(__printf_flags_ss_wp.o)
    0x08000c1e   0x08000c1e   0x0000008a   Code   RO         5978    .text               c_w.l(lludiv10.o)
    0x08000ca8   0x08000ca8   0x000000b2   Code   RO         5980    .text               c_w.l(_printf_intcommon.o)
    0x08000d5a   0x08000d5a   0x00000424   Code   RO         5982    .text               c_w.l(_printf_fp_dec.o)
    0x0800117e   0x0800117e   0x00000002   PAD
    0x08001180   0x08001180   0x00000302   Code   RO         5984    .text               c_w.l(_printf_fp_hex.o)
    0x08001482   0x08001482   0x0000002c   Code   RO         5989    .text               c_w.l(_printf_char.o)
    0x080014ae   0x080014ae   0x0000002c   Code   RO         5991    .text               c_w.l(_printf_wchar.o)
    0x080014da   0x080014da   0x00000040   Code   RO         5994    .text               c_w.l(_wcrtomb.o)
    0x0800151a   0x0800151a   0x0000004a   Code   RO         5996    .text               c_w.l(sys_stackheap_outer.o)
    0x08001564   0x08001564   0x00000010   Code   RO         5998    .text               c_w.l(rt_ctype_table.o)
    0x08001574   0x08001574   0x00000008   Code   RO         6003    .text               c_w.l(rt_locale_intlibspace.o)
    0x0800157c   0x0800157c   0x00000080   Code   RO         6005    .text               c_w.l(_printf_fp_infnan.o)
    0x080015fc   0x080015fc   0x000000e4   Code   RO         6007    .text               c_w.l(bigflt0.o)
    0x080016e0   0x080016e0   0x00000012   Code   RO         6035    .text               c_w.l(exit.o)
    0x080016f2   0x080016f2   0x00000002   PAD
    0x080016f4   0x080016f4   0x00000008   Code   RO         6051    .text               c_w.l(libspace.o)
    0x080016fc   0x080016fc   0x00000080   Code   RO         6065    .text               c_w.l(strcmpv7m.o)
    0x0800177c   0x0800177c   0x0000000c   Code   RO         6112    .text               c_w.l(sys_exit.o)
    0x08001788   0x08001788   0x00000002   Code   RO         6131    .text               c_w.l(use_no_semi.o)
    0x0800178a   0x0800178a   0x00000000   Code   RO         6133    .text               c_w.l(indicate_semi.o)
    0x0800178a   0x0800178a   0x0000003e   Code   RO         6010    CL$$btod_d2e        c_w.l(btod.o)
    0x080017c8   0x080017c8   0x00000046   Code   RO         6012    CL$$btod_d2e_denorm_low  c_w.l(btod.o)
    0x0800180e   0x0800180e   0x00000060   Code   RO         6011    CL$$btod_d2e_norm_op1  c_w.l(btod.o)
    0x0800186e   0x0800186e   0x00000338   Code   RO         6020    CL$$btod_div_common  c_w.l(btod.o)
    0x08001ba6   0x08001ba6   0x000000dc   Code   RO         6017    CL$$btod_e2e        c_w.l(btod.o)
    0x08001c82   0x08001c82   0x0000002a   Code   RO         6014    CL$$btod_ediv       c_w.l(btod.o)
    0x08001cac   0x08001cac   0x0000002a   Code   RO         6013    CL$$btod_emul       c_w.l(btod.o)
    0x08001cd6   0x08001cd6   0x00000244   Code   RO         6019    CL$$btod_mult_common  c_w.l(btod.o)
    0x08001f1a   0x08001f1a   0x0000002e   Code   RO         4172    i.BSP_SPI_Bus_Init  bsp_spi.o
    0x08001f48   0x08001f48   0x00000014   Code   RO         4174    i.BSP_SPI_Handle_Init  bsp_spi.o
    0x08001f5c   0x08001f5c   0x00000034   Code   RO         4175    i.BSP_SPI_LockBus   bsp_spi.o
    0x08001f90   0x08001f90   0x0000001a   Code   RO         4176    i.BSP_SPI_Receive   bsp_spi.o
    0x08001faa   0x08001faa   0x0000001a   Code   RO         4178    i.BSP_SPI_Transmit  bsp_spi.o
    0x08001fc4   0x08001fc4   0x00000020   Code   RO         4179    i.BSP_SPI_TransmitReceive  bsp_spi.o
    0x08001fe4   0x08001fe4   0x0000001e   Code   RO         4183    i.BSP_SPI_UnlockBus  bsp_spi.o
    0x08002002   0x08002002   0x00000002   Code   RO          297    i.BusFault_Handler  stm32l4xx_it.o
    0x08002004   0x08002004   0x0000000c   Code   RO          298    i.DMA1_Channel2_IRQHandler  stm32l4xx_it.o
    0x08002010   0x08002010   0x0000000c   Code   RO          299    i.DMA1_Channel3_IRQHandler  stm32l4xx_it.o
    0x0800201c   0x0800201c   0x00000002   Code   RO          300    i.DebugMon_Handler  stm32l4xx_it.o
    0x0800201e   0x0800201e   0x00000002   Code   RO         4433    i.Debug_Init        log.o
    0x08002020   0x08002020   0x00000050   Code   RO         4434    i.Debug_Log         log.o
    0x08002070   0x08002070   0x00000004   Code   RO           13    i.Error_Handler     main.o
    0x08002074   0x08002074   0x000003f2   Code   RO          486    i.HAL_ADC_ConfigChannel  stm32l4xx_hal_adc.o
    0x08002466   0x08002466   0x00000002   PAD
    0x08002468   0x08002468   0x000001b0   Code   RO          495    i.HAL_ADC_Init      stm32l4xx_hal_adc.o
    0x08002618   0x08002618   0x00000090   Code   RO          380    i.HAL_ADC_MspInit   stm32l4xx_hal_msp.o
    0x080026a8   0x080026a8   0x0000004e   Code   RO         1681    i.HAL_DMA_Abort_IT  stm32l4xx_hal_dma.o
    0x080026f6   0x080026f6   0x000000ba   Code   RO         1685    i.HAL_DMA_IRQHandler  stm32l4xx_hal_dma.o
    0x080027b0   0x080027b0   0x000000c0   Code   RO         1686    i.HAL_DMA_Init      stm32l4xx_hal_dma.o
    0x08002870   0x08002870   0x000001d6   Code   RO         1616    i.HAL_GPIO_Init     stm32l4xx_hal_gpio.o
    0x08002a46   0x08002a46   0x0000000a   Code   RO         1620    i.HAL_GPIO_WritePin  stm32l4xx_hal_gpio.o
    0x08002a50   0x08002a50   0x0000000c   Code   RO          897    i.HAL_GetTick       stm32l4xx_hal.o
    0x08002a5c   0x08002a5c   0x00000010   Code   RO          903    i.HAL_IncTick       stm32l4xx_hal.o
    0x08002a6c   0x08002a6c   0x0000001e   Code   RO          904    i.HAL_Init          stm32l4xx_hal.o
    0x08002a8a   0x08002a8a   0x00000002   PAD
    0x08002a8c   0x08002a8c   0x00000098   Code   RO          440    i.HAL_InitTick      stm32l4xx_hal_timebase_tim.o
    0x08002b24   0x08002b24   0x00000034   Code   RO          381    i.HAL_MspInit       stm32l4xx_hal_msp.o
    0x08002b58   0x08002b58   0x0000001a   Code   RO         2103    i.HAL_NVIC_EnableIRQ  stm32l4xx_hal_cortex.o
    0x08002b72   0x08002b72   0x00000002   PAD
    0x08002b74   0x08002b74   0x00000040   Code   RO         2109    i.HAL_NVIC_SetPriority  stm32l4xx_hal_cortex.o
    0x08002bb4   0x08002bb4   0x00000024   Code   RO         2110    i.HAL_NVIC_SetPriorityGrouping  stm32l4xx_hal_cortex.o
    0x08002bd8   0x08002bd8   0x00000068   Code   RO         1907    i.HAL_PWREx_ControlVoltageScaling  stm32l4xx_hal_pwr_ex.o
    0x08002c40   0x08002c40   0x00000010   Code   RO         1930    i.HAL_PWREx_GetVoltageRange  stm32l4xx_hal_pwr_ex.o
    0x08002c50   0x08002c50   0x000002ba   Code   RO         1249    i.HAL_RCCEx_PeriphCLKConfig  stm32l4xx_hal_rcc_ex.o
    0x08002f0a   0x08002f0a   0x00000002   PAD
    0x08002f0c   0x08002f0c   0x00000144   Code   RO         1121    i.HAL_RCC_ClockConfig  stm32l4xx_hal_rcc.o
    0x08003050   0x08003050   0x00000040   Code   RO         1124    i.HAL_RCC_GetClockConfig  stm32l4xx_hal_rcc.o
    0x08003090   0x08003090   0x00000024   Code   RO         1127    i.HAL_RCC_GetPCLK1Freq  stm32l4xx_hal_rcc.o
    0x080030b4   0x080030b4   0x00000024   Code   RO         1128    i.HAL_RCC_GetPCLK2Freq  stm32l4xx_hal_rcc.o
    0x080030d8   0x080030d8   0x000000a4   Code   RO         1130    i.HAL_RCC_GetSysClockFreq  stm32l4xx_hal_rcc.o
    0x0800317c   0x0800317c   0x00000560   Code   RO         1133    i.HAL_RCC_OscConfig  stm32l4xx_hal_rcc.o
    0x080036dc   0x080036dc   0x00000002   Code   RO         2312    i.HAL_SPI_ErrorCallback  stm32l4xx_hal_spi.o
    0x080036de   0x080036de   0x00000002   PAD
    0x080036e0   0x080036e0   0x000000fc   Code   RO         2315    i.HAL_SPI_IRQHandler  stm32l4xx_hal_spi.o
    0x080037dc   0x080037dc   0x000000e0   Code   RO         2316    i.HAL_SPI_Init      stm32l4xx_hal_spi.o
    0x080038bc   0x080038bc   0x000000dc   Code   RO          383    i.HAL_SPI_MspInit   stm32l4xx_hal_msp.o
    0x08003998   0x08003998   0x0000018e   Code   RO         2319    i.HAL_SPI_Receive   stm32l4xx_hal_spi.o
    0x08003b26   0x08003b26   0x0000018e   Code   RO         2324    i.HAL_SPI_Transmit  stm32l4xx_hal_spi.o
    0x08003cb4   0x08003cb4   0x00000268   Code   RO         2325    i.HAL_SPI_TransmitReceive  stm32l4xx_hal_spi.o
    0x08003f1c   0x08003f1c   0x00000002   Code   RO         3372    i.HAL_TIMEx_Break2Callback  stm32l4xx_hal_tim_ex.o
    0x08003f1e   0x08003f1e   0x00000002   Code   RO         3373    i.HAL_TIMEx_BreakCallback  stm32l4xx_hal_tim_ex.o
    0x08003f20   0x08003f20   0x00000002   Code   RO         3374    i.HAL_TIMEx_CommutCallback  stm32l4xx_hal_tim_ex.o
    0x08003f22   0x08003f22   0x00000062   Code   RO         2658    i.HAL_TIM_Base_Init  stm32l4xx_hal_tim.o
    0x08003f84   0x08003f84   0x00000002   Code   RO         2660    i.HAL_TIM_Base_MspInit  stm32l4xx_hal_tim.o
    0x08003f86   0x08003f86   0x00000002   PAD
    0x08003f88   0x08003f88   0x00000058   Code   RO         2663    i.HAL_TIM_Base_Start_IT  stm32l4xx_hal_tim.o
    0x08003fe0   0x08003fe0   0x00000002   Code   RO         2692    i.HAL_TIM_IC_CaptureCallback  stm32l4xx_hal_tim.o
    0x08003fe2   0x08003fe2   0x00000184   Code   RO         2706    i.HAL_TIM_IRQHandler  stm32l4xx_hal_tim.o
    0x08004166   0x08004166   0x00000002   Code   RO         2709    i.HAL_TIM_OC_DelayElapsedCallback  stm32l4xx_hal_tim.o
    0x08004168   0x08004168   0x00000002   Code   RO         2736    i.HAL_TIM_PWM_PulseFinishedCallback  stm32l4xx_hal_tim.o
    0x0800416a   0x0800416a   0x00000002   PAD
    0x0800416c   0x0800416c   0x00000014   Code   RO           14    i.HAL_TIM_PeriodElapsedCallback  main.o
    0x08004180   0x08004180   0x00000002   Code   RO         2749    i.HAL_TIM_TriggerCallback  stm32l4xx_hal_tim.o
    0x08004182   0x08004182   0x00000066   Code   RO         3686    i.HAL_UART_Init     stm32l4xx_hal_uart.o
    0x080041e8   0x080041e8   0x00000114   Code   RO          385    i.HAL_UART_MspInit  stm32l4xx_hal_msp.o
    0x080042fc   0x080042fc   0x000000b6   Code   RO         3695    i.HAL_UART_Transmit  stm32l4xx_hal_uart.o
    0x080043b2   0x080043b2   0x00000002   Code   RO          301    i.HardFault_Handler  stm32l4xx_it.o
    0x080043b4   0x080043b4   0x0000000c   Code   RO          508    i.LL_ADC_GetOffsetChannel  stm32l4xx_hal_adc.o
    0x080043c0   0x080043c0   0x00000008   Code   RO          509    i.LL_ADC_INJ_IsConversionOngoing  stm32l4xx_hal_adc.o
    0x080043c8   0x080043c8   0x00000008   Code   RO          510    i.LL_ADC_REG_IsConversionOngoing  stm32l4xx_hal_adc.o
    0x080043d0   0x080043d0   0x0000001e   Code   RO          513    i.LL_ADC_SetChannelSamplingTime  stm32l4xx_hal_adc.o
    0x080043ee   0x080043ee   0x00000010   Code   RO          514    i.LL_ADC_SetOffsetState  stm32l4xx_hal_adc.o
    0x080043fe   0x080043fe   0x00000002   PAD
    0x08004400   0x08004400   0x00000080   Code   RO         4435    i.Log_Task_Init     log.o
    0x08004480   0x08004480   0x00000078   Code   RO           15    i.MX_ADC1_Init      main.o
    0x080044f8   0x080044f8   0x000000ec   Code   RO           16    i.MX_GPIO_Init      main.o
    0x080045e4   0x080045e4   0x0000004c   Code   RO           17    i.MX_SPI1_Init      main.o
    0x08004630   0x08004630   0x00000038   Code   RO           18    i.MX_USART1_UART_Init  main.o
    0x08004668   0x08004668   0x00000038   Code   RO           19    i.MX_USART2_UART_Init  main.o
    0x080046a0   0x080046a0   0x00000038   Code   RO           20    i.MX_USART3_UART_Init  main.o
    0x080046d8   0x080046d8   0x00000002   Code   RO          302    i.MemManage_Handler  stm32l4xx_it.o
    0x080046da   0x080046da   0x00000002   Code   RO          303    i.NMI_Handler       stm32l4xx_it.o
    0x080046dc   0x080046dc   0x0000012c   Code   RO         1253    i.RCCEx_PLLSAI1_Config  stm32l4xx_hal_rcc_ex.o
    0x08004808   0x08004808   0x0000007c   Code   RO         1134    i.RCC_SetFlashLatencyFromMSIRange  stm32l4xx_hal_rcc.o
    0x08004884   0x08004884   0x0000000c   Code   RO          304    i.SPI1_IRQHandler   stm32l4xx_it.o
    0x08004890   0x08004890   0x00000012   Code   RO         2343    i.SPI_DMAAbortOnError  stm32l4xx_hal_spi.o
    0x080048a2   0x080048a2   0x00000074   Code   RO         2353    i.SPI_EndRxTransaction  stm32l4xx_hal_spi.o
    0x08004916   0x08004916   0x00000048   Code   RO         2354    i.SPI_EndRxTxTransaction  stm32l4xx_hal_spi.o
    0x0800495e   0x0800495e   0x00000002   PAD
    0x08004960   0x08004960   0x000000e6   Code   RO         2359    i.SPI_WaitFifoStateUntilTimeout  stm32l4xx_hal_spi.o
    0x08004a46   0x08004a46   0x00000002   PAD
    0x08004a48   0x08004a48   0x000000b8   Code   RO         2360    i.SPI_WaitFlagStateUntilTimeout  stm32l4xx_hal_spi.o
    0x08004b00   0x08004b00   0x00000008   Code   RO           21    i.StartDefaultTask  main.o
    0x08004b08   0x08004b08   0x00000038   Code   RO         4436    i.StartLogTask      log.o
    0x08004b40   0x08004b40   0x000001e0   Code   RO         4297    i.StartW25Q32Task   w25q32_task.o
    0x08004d20   0x08004d20   0x000000a8   Code   RO         4490    i.Storage_Append    storage_manager.o
    0x08004dc8   0x08004dc8   0x00000068   Code   RO         4491    i.Storage_Format    storage_manager.o
    0x08004e30   0x08004e30   0x00000024   Code   RO         4492    i.Storage_Init      storage_manager.o
    0x08004e54   0x08004e54   0x0000001a   Code   RO         4493    i.Storage_Read      storage_manager.o
    0x08004e6e   0x08004e6e   0x00000002   PAD
    0x08004e70   0x08004e70   0x0000015e   Code   RO         4494    i.Storage_Recover   storage_manager.o
    0x08004fce   0x08004fce   0x00000002   PAD
    0x08004fd0   0x08004fd0   0x0000002c   Code   RO         5750    i.SysTick_Handler   port.o
    0x08004ffc   0x08004ffc   0x0000006e   Code   RO           22    i.SystemClock_Config  main.o
    0x0800506a   0x0800506a   0x00000002   PAD
    0x0800506c   0x0800506c   0x00000010   Code   RO         4134    i.SystemInit        system_stm32l4xx.o
    0x0800507c   0x0800507c   0x0000000c   Code   RO          305    i.TIM7_IRQHandler   stm32l4xx_it.o
    0x08005088   0x08005088   0x0000006c   Code   RO         2751    i.TIM_Base_SetConfig  stm32l4xx_hal_tim.o
    0x080050f4   0x080050f4   0x000000c8   Code   RO         3700    i.UART_AdvFeatureConfig  stm32l4xx_hal_uart.o
    0x080051bc   0x080051bc   0x0000005c   Code   RO         3701    i.UART_CheckIdleState  stm32l4xx_hal_uart.o
    0x08005218   0x08005218   0x00000200   Code   RO         3716    i.UART_SetConfig    stm32l4xx_hal_uart.o
    0x08005418   0x08005418   0x000000c6   Code   RO         3721    i.UART_WaitOnFlagUntilTimeout  stm32l4xx_hal_uart.o
    0x080054de   0x080054de   0x00000002   Code   RO          306    i.UsageFault_Handler  stm32l4xx_it.o
    0x080054e0   0x080054e0   0x00000050   Code   RO         4298    i.W25Q32_Task_Init  w25q32_task.o
    0x08005530   0x08005530   0x0000000a   Code   RO         4349    i.W25Q_Deselect     w25q32.o
    0x0800553a   0x0800553a   0x0000005e   Code   RO         4350    i.W25Q_EraseSector  w25q32.o
    0x08005598   0x08005598   0x00000024   Code   RO         4351    i.W25Q_Init         w25q32.o
    0x080055bc   0x080055bc   0x0000005a   Code   RO         4353    i.W25Q_Read         w25q32.o
    0x08005616   0x08005616   0x0000000a   Code   RO         4356    i.W25Q_Select       w25q32.o
    0x08005620   0x08005620   0x000000a8   Code   RO         4357    i.W25Q_WaitForReady  w25q32.o
    0x080056c8   0x080056c8   0x0000008e   Code   RO         4358    i.W25Q_Write        w25q32.o
    0x08005756   0x08005756   0x00000036   Code   RO         4359    i.W25Q_WriteEnable  w25q32.o
    0x0800578c   0x0800578c   0x00000030   Code   RO         6049    i.__ARM_fpclassify  m_wm.l(fpclassify.o)
    0x080057bc   0x080057bc   0x00000020   Code   RO         2116    i.__NVIC_SetPriority  stm32l4xx_hal_cortex.o
    0x080057dc   0x080057dc   0x0000000e   Code   RO         5913    i._is_digit         c_w.l(__printf_wp.o)
    0x080057ea   0x080057ea   0x0000000c   Code   RO         5322    i.inHandlerMode     cmsis_os.o
    0x080057f6   0x080057f6   0x00000002   PAD
    0x080057f8   0x080057f8   0x00000088   Code   RO           23    i.main              main.o
    0x08005880   0x08005880   0x0000000c   Code   RO         5324    i.makeFreeRtosPriority  cmsis_os.o
    0x0800588c   0x0800588c   0x0000000e   Code   RO         5326    i.osDelay           cmsis_os.o
    0x0800589a   0x0800589a   0x0000000a   Code   RO         5329    i.osKernelStart     cmsis_os.o
    0x080058a4   0x080058a4   0x00000018   Code   RO         5330    i.osKernelSysTick   cmsis_os.o
    0x080058bc   0x080058bc   0x00000054   Code   RO         5363    i.osThreadCreate    cmsis_os.o
    0x08005910   0x08005910   0x00000070   Code   RO         5006    i.prvAddCurrentTaskToDelayedList  tasks.o
    0x08005980   0x08005980   0x000000d0   Code   RO         5007    i.prvAddNewTaskToReadyList  tasks.o
    0x08005a50   0x08005a50   0x00000026   Code   RO         4682    i.prvCopyDataFromQueue  queue.o
    0x08005a76   0x08005a76   0x0000006c   Code   RO         4683    i.prvCopyDataToQueue  queue.o
    0x08005ae2   0x08005ae2   0x00000034   Code   RO         5008    i.prvDeleteTCB      tasks.o
    0x08005b16   0x08005b16   0x00000002   PAD
    0x08005b18   0x08005b18   0x0000004c   Code   RO         5691    i.prvHeapInit       heap_4.o
    0x08005b64   0x08005b64   0x00000060   Code   RO         5009    i.prvIdleTask       tasks.o
    0x08005bc4   0x08005bc4   0x00000016   Code   RO         4684    i.prvInitialiseMutex  queue.o
    0x08005bda   0x08005bda   0x00000016   Code   RO         4685    i.prvInitialiseNewQueue  queue.o
    0x08005bf0   0x08005bf0   0x00000098   Code   RO         5010    i.prvInitialiseNewTask  tasks.o
    0x08005c88   0x08005c88   0x0000004c   Code   RO         5692    i.prvInsertBlockIntoFreeList  heap_4.o
    0x08005cd4   0x08005cd4   0x0000001c   Code   RO         4686    i.prvIsQueueEmpty   queue.o
    0x08005cf0   0x08005cf0   0x00000020   Code   RO         5011    i.prvResetNextTaskUnblockTime  tasks.o
    0x08005d10   0x08005d10   0x00000028   Code   RO         5751    i.prvTaskExitError  port.o
    0x08005d38   0x08005d38   0x0000006a   Code   RO         4687    i.prvUnlockQueue    queue.o
    0x08005da2   0x08005da2   0x00000002   PAD
    0x08005da4   0x08005da4   0x000000dc   Code   RO         5693    i.pvPortMalloc      heap_4.o
    0x08005e80   0x08005e80   0x00000018   Code   RO         5013    i.pvTaskIncrementMutexHeldCount  tasks.o
    0x08005e98   0x08005e98   0x0000002c   Code   RO         5752    i.pxPortInitialiseStack  port.o
    0x08005ec4   0x08005ec4   0x00000026   Code   RO         4642    i.uxListRemove      list.o
    0x08005eea   0x08005eea   0x00000002   PAD
    0x08005eec   0x08005eec   0x00000014   Code   RO          263    i.vApplicationGetIdleTaskMemory  freertos.o
    0x08005f00   0x08005f00   0x00000016   Code   RO         4643    i.vListInitialise   list.o
    0x08005f16   0x08005f16   0x00000006   Code   RO         4644    i.vListInitialiseItem  list.o
    0x08005f1c   0x08005f1c   0x00000030   Code   RO         4645    i.vListInsert       list.o
    0x08005f4c   0x08005f4c   0x00000018   Code   RO         4646    i.vListInsertEnd    list.o
    0x08005f64   0x08005f64   0x00000040   Code   RO         5754    i.vPortEnterCritical  port.o
    0x08005fa4   0x08005fa4   0x00000028   Code   RO         5755    i.vPortExitCritical  port.o
    0x08005fcc   0x08005fcc   0x00000064   Code   RO         5694    i.vPortFree         heap_4.o
    0x08006030   0x08006030   0x00000024   Code   RO         5756    i.vPortSetupTimerInterrupt  port.o
    0x08006054   0x08006054   0x00000054   Code   RO         5757    i.vPortValidateInterruptPriority  port.o
    0x080060a8   0x080060a8   0x0000004c   Code   RO         5020    i.vTaskDelay        tasks.o
    0x080060f4   0x080060f4   0x00000010   Code   RO         5023    i.vTaskInternalSetTimeOutState  tasks.o
    0x08006104   0x08006104   0x0000000c   Code   RO         5024    i.vTaskMissedYield  tasks.o
    0x08006110   0x08006110   0x00000030   Code   RO         5026    i.vTaskPlaceOnEventList  tasks.o
    0x08006140   0x08006140   0x000000a0   Code   RO         5028    i.vTaskPriorityDisinheritAfterTimeout  tasks.o
    0x080061e0   0x080061e0   0x0000006c   Code   RO         5033    i.vTaskStartScheduler  tasks.o
    0x0800624c   0x0800624c   0x00000010   Code   RO         5035    i.vTaskSuspendAll   tasks.o
    0x0800625c   0x0800625c   0x0000005c   Code   RO         5036    i.vTaskSwitchContext  tasks.o
    0x080062b8   0x080062b8   0x000000f4   Code   RO         5758    i.xPortStartScheduler  port.o
    0x080063ac   0x080063ac   0x00000016   Code   RO         4694    i.xQueueCreateMutex  queue.o
    0x080063c2   0x080063c2   0x00000042   Code   RO         4696    i.xQueueGenericCreate  queue.o
    0x08006404   0x08006404   0x00000088   Code   RO         4698    i.xQueueGenericReset  queue.o
    0x0800648c   0x0800648c   0x00000160   Code   RO         4699    i.xQueueGenericSend  queue.o
    0x080065ec   0x080065ec   0x00000138   Code   RO         4706    i.xQueueReceive     queue.o
    0x08006724   0x08006724   0x00000178   Code   RO         4708    i.xQueueSemaphoreTake  queue.o
    0x0800689c   0x0800689c   0x00000074   Code   RO         5038    i.xTaskCheckForTimeOut  tasks.o
    0x08006910   0x08006910   0x00000060   Code   RO         5039    i.xTaskCreate       tasks.o
    0x08006970   0x08006970   0x00000056   Code   RO         5040    i.xTaskCreateStatic  tasks.o
    0x080069c6   0x080069c6   0x00000002   PAD
    0x080069c8   0x080069c8   0x0000000c   Code   RO         5043    i.xTaskGetCurrentTaskHandle  tasks.o
    0x080069d4   0x080069d4   0x0000001c   Code   RO         5044    i.xTaskGetSchedulerState  tasks.o
    0x080069f0   0x080069f0   0x0000000c   Code   RO         5045    i.xTaskGetTickCount  tasks.o
    0x080069fc   0x080069fc   0x00000010   Code   RO         5046    i.xTaskGetTickCountFromISR  tasks.o
    0x08006a0c   0x08006a0c   0x000000cc   Code   RO         5047    i.xTaskIncrementTick  tasks.o
    0x08006ad8   0x08006ad8   0x00000098   Code   RO         5050    i.xTaskPriorityDisinherit  tasks.o
    0x08006b70   0x08006b70   0x0000008c   Code   RO         5051    i.xTaskPriorityInherit  tasks.o
    0x08006bfc   0x08006bfc   0x00000074   Code   RO         5052    i.xTaskRemoveFromEventList  tasks.o
    0x08006c70   0x08006c70   0x000000c4   Code   RO         5053    i.xTaskResumeAll    tasks.o
    0x08006d34   0x08006d34   0x0000002c   Code   RO         6033    locale$$code        c_w.l(lc_numeric_c.o)
    0x08006d60   0x08006d60   0x0000002c   Code   RO         6059    locale$$code        c_w.l(lc_ctype_c.o)
    0x08006d8c   0x08006d8c   0x0000000c   Code   RO         5948    x$fpl$dretinf       fz_wm.l(dretinf.o)
    0x08006d98   0x08006d98   0x00000056   Code   RO         5846    x$fpl$f2d           fz_wm.l(f2d.o)
    0x08006dee   0x08006dee   0x0000008c   Code   RO         5950    x$fpl$fnaninf       fz_wm.l(fnaninf.o)
    0x08006e7a   0x08006e7a   0x0000000a   Code   RO         6127    x$fpl$fpinit        fz_wm.l(fpinit.o)
    0x08006e84   0x08006e84   0x00000004   Code   RO         5952    x$fpl$printf1       fz_wm.l(printf1.o)
    0x08006e88   0x08006e88   0x00000004   Code   RO         5954    x$fpl$printf2       fz_wm.l(printf2.o)
    0x08006e8c   0x08006e8c   0x00000000   Code   RO         5960    x$fpl$usenofp       fz_wm.l(usenofp.o)
    0x08006e8c   0x08006e8c   0x0000001c   Data   RO           27    .constdata          main.o
    0x08006ea8   0x08006ea8   0x00000040   Data   RO         4135    .constdata          system_stm32l4xx.o
    0x08006ee8   0x08006ee8   0x00000008   Data   RO         4136    .constdata          system_stm32l4xx.o
    0x08006ef0   0x08006ef0   0x0000001c   Data   RO         4300    .constdata          w25q32_task.o
    0x08006f0c   0x08006f0c   0x0000001c   Data   RO         4437    .constdata          log.o
    0x08006f28   0x08006f28   0x00000008   Data   RO         5872    .constdata          c_w.l(_printf_wctomb.o)
    0x08006f30   0x08006f30   0x00000028   Data   RO         5901    .constdata          c_w.l(_printf_hex_int_ll_ptr.o)
    0x08006f58   0x08006f58   0x00000011   Data   RO         5921    .constdata          c_w.l(__printf_flags_ss_wp.o)
    0x08006f69   0x08006f69   0x00000026   Data   RO         5985    .constdata          c_w.l(_printf_fp_hex.o)
    0x08006f8f   0x08006f8f   0x00000001   PAD
    0x08006f90   0x08006f90   0x00000094   Data   RO         6008    .constdata          c_w.l(bigflt0.o)
    0x08007024   0x08007024   0x0000000c   Data   RO           28    .conststring        main.o
    0x08007030   0x08007030   0x00000053   Data   RO         4301    .conststring        w25q32_task.o
    0x08007083   0x08007083   0x00000001   PAD
    0x08007084   0x08007084   0x00000008   Data   RO         4438    .conststring        log.o
    0x0800708c   0x0800708c   0x00000020   Data   RO         6183    Region$$Table       anon$$obj.o
    0x080070ac   0x080070ac   0x0000001c   Data   RO         6032    locale$$data        c_w.l(lc_numeric_c.o)
    0x080070c8   0x080070c8   0x00000110   Data   RO         6058    locale$$data        c_w.l(lc_ctype_c.o)


    Execution Region RW_IRAM2 (Exec base: 0x10000000, Load base: 0x08007274, Size: 0x00000000, Max: 0x00004000, ABSOLUTE)

    **** No section assigned to this execution region ****


    Execution Region RW_IRAM1 (Exec base: 0x20000000, Load base: 0x080071d8, Size: 0x00004c28, Max: 0x0000c000, ABSOLUTE)

    Exec Addr    Load Addr    Size         Type   Attr      Idx    E Section Name        Object

    0x20000000   0x080071d8   0x00000004   Data   RW           29    .data               main.o
    0x20000004   0x080071dc   0x0000000c   Data   RW          921    .data               stm32l4xx_hal.o
    0x20000010   0x080071e8   0x00000004   Data   RW         4137    .data               system_stm32l4xx.o
    0x20000014   0x080071ec   0x0000001c   Data   RW         4302    .data               w25q32_task.o
    0x20000030   0x08007208   0x00000004   Data   RW         4439    .data               log.o
    0x20000034   0x0800720c   0x0000003c   Data   RW         5056    .data               tasks.o
    0x20000070   0x08007248   0x00000020   Data   RW         5700    .data               heap_4.o
    0x20000090   0x08007268   0x0000000c   Data   RW         5759    .data               port.o
    0x2000009c        -       0x00000254   Zero   RW           24    .bss                main.o
    0x200002f0        -       0x00000048   Zero   RW           25    .bss                main.o
    0x20000338        -       0x00000048   Zero   RW           26    .bss                main.o
    0x20000380        -       0x00000254   Zero   RW          264    .bss                freertos.o
    0x200005d4        -       0x0000004c   Zero   RW          443    .bss                stm32l4xx_hal_timebase_tim.o
    0x20000620        -       0x00000034   Zero   RW         4299    .bss                w25q32_task.o
    0x20000654        -       0x000000f0   Zero   RW         5055    .bss                tasks.o
    0x20000744        -       0x00003e80   Zero   RW         5699    .bss                heap_4.o
    0x200045c4        -       0x00000060   Zero   RW         6052    .bss                c_w.l(libspace.o)
    0x20004624   0x08007274   0x00000004   PAD
    0x20004628        -       0x00000200   Zero   RW            2    HEAP                startup_stm32l431xx.o
    0x20004828        -       0x00000400   Zero   RW            1    STACK               startup_stm32l431xx.o


==============================================================================

Image component sizes


      Code (inc. data)   RO Data    RW Data    ZI Data      Debug   Object Name

       232          0          0          0          0      11830   bsp_spi.o
       156          0          0          0          0      30055   cmsis_os.o
         0          0          0          0          0      20076   event_groups.o
        20          4          0          0        596       1296   freertos.o
       472         24          0         32      16000       4983   heap_4.o
       138          0          0          0          0       3666   list.o
       266         90         36          4          0       3757   log.o
       878         78         40          4        740     744726   main.o
       818         82          0         12          0      12093   port.o
      1588         18          0          0          0      16917   queue.o
        64         26        396          0       1536        864   startup_stm32l431xx.o
        58         10          0         12          0      11430   stm32l4xx_hal.o
      1516         76          0          0          0      58255   stm32l4xx_hal_adc.o
       158         14          0          0          0      33150   stm32l4xx_hal_cortex.o
       456         14          0          0          0       2879   stm32l4xx_hal_dma.o
       480         30          0          0          0       2324   stm32l4xx_hal_gpio.o
       692         58          0          0          0       3673   stm32l4xx_hal_msp.o
       120         20          0          0          0       1406   stm32l4xx_hal_pwr_ex.o
      2124        108          0          0          0       7805   stm32l4xx_hal_rcc.o
       998         32          0          0          0       2992   stm32l4xx_hal_rcc_ex.o
      2510         16          0          0          0      12551   stm32l4xx_hal_spi.o
       692         26          0          0          0       7596   stm32l4xx_hal_tim.o
         6          0          0          0          0       2276   stm32l4xx_hal_tim_ex.o
       152         20          0          0         76       1539   stm32l4xx_hal_timebase_tim.o
      1286         54          0          0          0       6673   stm32l4xx_hal_uart.o
        60         24          0          0          0       4879   stm32l4xx_it.o
       684        216          0          0          0       6586   storage_manager.o
         0          0          0          0          0        388   stream_buffer.o
        16          4         72          4          0       1245   system_stm32l4xx.o
      2378        190          0         60        240      30082   tasks.o
       604          4          0          0          0       7668   w25q32.o
       560        274        111         28         52       9944   w25q32_task.o

    ----------------------------------------------------------------------
     20220       1512        688        156      19240    1065604   Object Totals
         0          0         32          0          0          0   (incl. Generated)
        38          0          1          0          0          0   (incl. Padding)

    ----------------------------------------------------------------------

      Code (inc. data)   RO Data    RW Data    ZI Data      Debug   Library Member Name

         8          0          0          0          0         68   __main.o
       398          4         17          0          0         92   __printf_flags_ss_wp.o
        14          0          0          0          0         68   __printf_wp.o
         0          0          0          0          0          0   __rtentry.o
        12          0          0          0          0          0   __rtentry2.o
         6          0          0          0          0          0   __rtentry4.o
        52          8          0          0          0          0   __scatter.o
        26          0          0          0          0          0   __scatter_copy.o
        28          0          0          0          0          0   __scatter_zi.o
         6          0          0          0          0          0   _printf_a.o
         6          0          0          0          0          0   _printf_c.o
        44          0          0          0          0        108   _printf_char.o
        48          6          0          0          0         96   _printf_char_common.o
        40          0          0          0          0         68   _printf_charcount.o
         6          0          0          0          0          0   _printf_d.o
       120         16          0          0          0         92   _printf_dec.o
         6          0          0          0          0          0   _printf_e.o
         6          0          0          0          0          0   _printf_f.o
      1060          0          0          0          0        216   _printf_fp_dec.o
       770          8         38          0          0        100   _printf_fp_hex.o
       128         16          0          0          0         84   _printf_fp_infnan.o
         6          0          0          0          0          0   _printf_g.o
       148          4         40          0          0        160   _printf_hex_int_ll_ptr.o
         6          0          0          0          0          0   _printf_i.o
       178          0          0          0          0         88   _printf_intcommon.o
        10          0          0          0          0          0   _printf_l.o
         6          0          0          0          0          0   _printf_lc.o
        10          0          0          0          0          0   _printf_ll.o
         6          0          0          0          0          0   _printf_lld.o
         6          0          0          0          0          0   _printf_lli.o
         6          0          0          0          0          0   _printf_llo.o
         6          0          0          0          0          0   _printf_llu.o
         6          0          0          0          0          0   _printf_llx.o
       124         16          0          0          0         92   _printf_longlong_dec.o
         6          0          0          0          0          0   _printf_ls.o
         6          0          0          0          0          0   _printf_n.o
         6          0          0          0          0          0   _printf_o.o
       112         10          0          0          0        124   _printf_oct_int_ll.o
         6          0          0          0          0          0   _printf_p.o
        78          0          0          0          0        108   _printf_pad.o
         0          0          0          0          0          0   _printf_percent.o
         4          0          0          0          0          0   _printf_percent_end.o
         6          0          0          0          0          0   _printf_s.o
        82          0          0          0          0         80   _printf_str.o
        36          0          0          0          0         84   _printf_truncate.o
         6          0          0          0          0          0   _printf_u.o
        44          0          0          0          0        108   _printf_wchar.o
       194          6          8          0          0         92   _printf_wctomb.o
         6          0          0          0          0          0   _printf_x.o
        16          0          0          0          0         68   _snputc.o
        10          0          0          0          0         68   _sputc.o
        64          0          0          0          0         92   _wcrtomb.o
       228          4        148          0          0         96   bigflt0.o
      1936        128          0          0          0        672   btod.o
        18          0          0          0          0         80   exit.o
         6          0          0          0          0        152   heapauxi.o
         0          0          0          0          0          0   indicate_semi.o
        44         10        272          0          0         76   lc_ctype_c.o
        44         10         28          0          0         76   lc_numeric_c.o
         2          0          0          0          0          0   libinit.o
        34          0          0          0          0          0   libinit2.o
         2          0          0          0          0          0   libshutdown.o
         2          0          0          0          0          0   libshutdown2.o
         8          4          0          0         96         68   libspace.o
       138          0          0          0          0         80   lludiv10.o
       238          0          0          0          0        100   lludivv7m.o
        16          4          0          0          0         76   rt_ctype_table.o
         8          4          0          0          0         68   rt_locale_intlibspace.o
        78          0          0          0          0         80   rt_memclr_w.o
       138          0          0          0          0         68   rt_memcpy_v6.o
       100          0          0          0          0         80   rt_memcpy_w.o
         2          0          0          0          0          0   rtexit.o
        10          0          0          0          0          0   rtexit2.o
       128          0          0          0          0         68   strcmpv7m.o
        62          0          0          0          0         76   strlen.o
        12          4          0          0          0         68   sys_exit.o
        74          0          0          0          0         80   sys_stackheap_outer.o
         2          0          0          0          0         68   use_no_semi.o
        52          4          0          0          0         80   vsnprintf.o
        12          0          0          0          0        116   dretinf.o
        86          4          0          0          0        132   f2d.o
       140          4          0          0          0        132   fnaninf.o
        10          0          0          0          0        116   fpinit.o
         4          0          0          0          0        116   printf1.o
         4          0          0          0          0        116   printf2.o
         0          0          0          0          0          0   usenofp.o
        48          0          0          0          0        124   fpclassify.o

    ----------------------------------------------------------------------
      7684        274        552          0        100       5220   Library Totals
        14          0          1          0          4          0   (incl. Padding)

    ----------------------------------------------------------------------

      Code (inc. data)   RO Data    RW Data    ZI Data      Debug   Library Name

      7366        266        551          0         96       4368   c_w.l
       256          8          0          0          0        728   fz_wm.l
        48          0          0          0          0        124   m_wm.l

    ----------------------------------------------------------------------
      7684        274        552          0        100       5220   Library Totals

    ----------------------------------------------------------------------

==============================================================================


      Code (inc. data)   RO Data    RW Data    ZI Data      Debug   

     27904       1786       1240        156      19340    1050932   Grand Totals
     27904       1786       1240        156      19340    1050932   ELF Image Totals
     27904       1786       1240        156          0          0   ROM Totals

==============================================================================

    Total RO  Size (Code + RO Data)                29144 (  28.46kB)
    Total RW  Size (RW Data + ZI Data)             19496 (  19.04kB)
    Total ROM Size (Code + RO Data + RW Data)      29300 (  28.61kB)

==============================================================================

